#
# There is insufficient memory for the Java Runtime Environment to continue.
# Native memory allocation (malloc) failed to allocate 1618336 bytes for Chunk::new
# Possible reasons:
#   The system is out of physical RAM or swap space
#   The process is running with CompressedOops enabled, and the Java Heap may be blocking the growth of the native heap
# Possible solutions:
#   Reduce memory load on the system
#   Increase physical memory or swap space
#   Check if swap backing store is full
#   Decrease Java heap size (-Xmx/-Xms)
#   Decrease number of Java threads
#   Decrease Java thread stack sizes (-Xss)
#   Set larger code cache with -XX:ReservedCodeCacheSize=
#   JVM is running with Zero Based Compressed Oops mode in which the Java heap is
#     placed in the first 32GB address space. The Java Heap base address is the
#     maximum limit for the native heap growth. Please use -XX:HeapBaseMinAddress
#     to set the Java Heap base and to place the Java Heap above 32GB virtual address.
# This output file may be truncated or incomplete.
#
#  Out of Memory Error (arena.cpp:189), pid=32304, tid=20336
#
# JRE version: Java(TM) SE Runtime Environment (17.0.12+8) (build 17.0.12+8-LTS-286)
# Java VM: Java HotSpot(TM) 64-Bit Server VM (17.0.12+8-LTS-286, mixed mode, sharing, tiered, compressed oops, compressed class ptrs, parallel gc, windows-amd64)
# No core dump will be written. Minidumps are not enabled by default on client versions of Windows
#

---------------  S U M M A R Y ------------

Command Line: --add-opens=java.base/java.lang=ALL-UNNAMED --add-opens=java.base/java.lang.invoke=ALL-UNNAMED --add-opens=java.base/java.util=ALL-UNNAMED --add-opens=java.prefs/java.util.prefs=ALL-UNNAMED --add-exports=jdk.compiler/com.sun.tools.javac.api=ALL-UNNAMED --add-exports=jdk.compiler/com.sun.tools.javac.util=ALL-UNNAMED --add-opens=java.base/java.util=ALL-UNNAMED --add-opens=java.prefs/java.util.prefs=ALL-UNNAMED --add-opens=java.base/java.nio.charset=ALL-UNNAMED --add-opens=java.base/java.net=ALL-UNNAMED --add-opens=java.base/java.util.concurrent.atomic=ALL-UNNAMED --add-opens=java.xml/javax.xml.namespace=ALL-UNNAMED -XX:+UseParallelGC -Xmx4096m -Dfile.encoding=UTF-8 -Duser.country=US -Duser.language=en -Duser.variant -javaagent:C:\Users\sanja\AppData\Local\Temp\gradle-8.11.1\gradle-8.11.1\lib\agents\gradle-instrumentation-agent-8.11.1.jar org.gradle.launcher.daemon.bootstrap.GradleDaemon 8.11.1

Host: 11th Gen Intel(R) Core(TM) i5-1145G7 @ 2.60GHz, 8 cores, 7G,  Windows 11 , 64 bit Build 26100 (10.0.26100.8875)
Time: Sun Aug 16 23:34:16 2026 India Standard Time elapsed time: 56.541164 seconds (0d 0h 0m 56s)

---------------  T H R E A D  ---------------

Current thread (0x0000022187ce9330):  JavaThread "C2 CompilerThread1" daemon [_thread_in_native, id=20336, stack(0x0000007d6d800000,0x0000007d6d900000)]


Current CompileTask:
C2:  56541 15053       4       org.gradle.internal.resource.transfer.AbstractProgressLoggingHandler$ProgressLoggingInputStream::read (27 bytes)

Stack: [0x0000007d6d800000,0x0000007d6d900000]
Native frames: (J=compiled Java code, j=interpreted, Vv=VM code, C=native code)
V  [jvm.dll+0x67a04a]
V  [jvm.dll+0x7da4ed]
V  [jvm.dll+0x7dbe33]
V  [jvm.dll+0x7dc4a3]
V  [jvm.dll+0x24508f]
V  [jvm.dll+0xab773]
V  [jvm.dll+0xabd3c]
V  [jvm.dll+0x361bee]
V  [jvm.dll+0x1ba64a]
V  [jvm.dll+0x216997]
V  [jvm.dll+0x215c6f]
V  [jvm.dll+0x1a2960]
V  [jvm.dll+0x22610b]
V  [jvm.dll+0x2242ab]
V  [jvm.dll+0x79075c]
V  [jvm.dll+0x78abea]
V  [jvm.dll+0x678f35]
C  [ucrtbase.dll+0x2cd30]
C  [KERNEL32.DLL+0x2e957]
C  [ntdll.dll+0xaad6c]


---------------  P R O C E S S  ---------------

Threads class SMR info:
_java_thread_list=0x00000221991744c0, length=55, elements={
0x000002211c9c6780, 0x000002213e74bac0, 0x000002213e74d100, 0x000002213e761bf0,
0x000002213e7646d0, 0x000002213e767c20, 0x000002213e76b840, 0x000002213e774450,
0x000002213e774e10, 0x000002213e779730, 0x0000022181739c10, 0x00000221817de570,
0x0000022187718a60, 0x0000022186717b40, 0x00000221871eea70, 0x00000221817b33c0,
0x0000022181945ed0, 0x0000022181948750, 0x00000221819454b0, 0x00000221819459c0,
0x00000221819468f0, 0x0000022181946e00, 0x0000022181947310, 0x0000022181947820,
0x0000022181948240, 0x0000022181944fa0, 0x00000221819463e0, 0x0000022181947d30,
0x00000221891dc880, 0x00000221891da000, 0x00000221891da510, 0x00000221891dcd90,
0x00000221891daf30, 0x00000221891de6e0, 0x000002218b8b0ee0, 0x000002218b8b3250,
0x000002218b8b4180, 0x000002218b8b13f0, 0x000002218b8b1e10, 0x000002218b8b1900,
0x000002218b8b2320, 0x000002218b8b2d40, 0x00000221891dfb20, 0x00000221891e0540,
0x000002218a6291f0, 0x000002218a627db0, 0x000002218a627390, 0x0000022187ce9330,
0x000002218a6278a0, 0x000002218a6282c0, 0x000002218a625f50, 0x000002218a6287d0,
0x000002218a628ce0, 0x000002218a626e80, 0x000002218a626460
}

Java Threads: ( => current thread )
  0x000002211c9c6780 JavaThread "main" [_thread_blocked, id=40384, stack(0x0000007d69c00000,0x0000007d69d00000)]
  0x000002213e74bac0 JavaThread "Reference Handler" daemon [_thread_blocked, id=12552, stack(0x0000007d69f00000,0x0000007d6a000000)]
  0x000002213e74d100 JavaThread "Finalizer" daemon [_thread_blocked, id=38516, stack(0x0000007d6a000000,0x0000007d6a100000)]
  0x000002213e761bf0 JavaThread "Signal Dispatcher" daemon [_thread_blocked, id=38720, stack(0x0000007d6a100000,0x0000007d6a200000)]
  0x000002213e7646d0 JavaThread "Attach Listener" daemon [_thread_blocked, id=22792, stack(0x0000007d6a200000,0x0000007d6a300000)]
  0x000002213e767c20 JavaThread "Service Thread" daemon [_thread_blocked, id=27308, stack(0x0000007d6a300000,0x0000007d6a400000)]
  0x000002213e76b840 JavaThread "Monitor Deflation Thread" daemon [_thread_blocked, id=43152, stack(0x0000007d6a400000,0x0000007d6a500000)]
  0x000002213e774450 JavaThread "C2 CompilerThread0" daemon [_thread_in_native, id=27152, stack(0x0000007d6a500000,0x0000007d6a600000)]
  0x000002213e774e10 JavaThread "C1 CompilerThread0" daemon [_thread_blocked, id=39224, stack(0x0000007d6a600000,0x0000007d6a700000)]
  0x000002213e779730 JavaThread "Sweeper thread" daemon [_thread_blocked, id=38712, stack(0x0000007d6a700000,0x0000007d6a800000)]
  0x0000022181739c10 JavaThread "Common-Cleaner" daemon [_thread_blocked, id=40332, stack(0x0000007d6a800000,0x0000007d6a900000)]
  0x00000221817de570 JavaThread "Notification Thread" daemon [_thread_blocked, id=21556, stack(0x0000007d6a900000,0x0000007d6aa00000)]
  0x0000022187718a60 JavaThread "Daemon health stats" [_thread_blocked, id=10692, stack(0x0000007d6b000000,0x0000007d6b100000)]
  0x0000022186717b40 JavaThread "Incoming local TCP Connector on port 65083" [_thread_in_native, id=4156, stack(0x0000007d6af00000,0x0000007d6b000000)]
  0x00000221871eea70 JavaThread "Daemon periodic checks" [_thread_blocked, id=14124, stack(0x0000007d6b100000,0x0000007d6b200000)]
  0x00000221817b33c0 JavaThread "Daemon" [_thread_blocked, id=31608, stack(0x0000007d6b200000,0x0000007d6b300000)]
  0x0000022181945ed0 JavaThread "Handler for socket connection from /127.0.0.1:65083 to /127.0.0.1:65084" [_thread_in_native, id=40204, stack(0x0000007d6b300000,0x0000007d6b400000)]
  0x0000022181948750 JavaThread "Cancel handler" [_thread_blocked, id=4336, stack(0x0000007d6b400000,0x0000007d6b500000)]
  0x00000221819454b0 JavaThread "Daemon worker" [_thread_blocked, id=34180, stack(0x0000007d6b500000,0x0000007d6b600000)]
  0x00000221819459c0 JavaThread "Asynchronous log dispatcher for DefaultDaemonConnection: socket connection from /127.0.0.1:65083 to /127.0.0.1:65084" [_thread_in_Java, id=33228, stack(0x0000007d6b600000,0x0000007d6b700000)]
  0x00000221819468f0 JavaThread "Stdin handler" [_thread_blocked, id=14068, stack(0x0000007d6b700000,0x0000007d6b800000)]
  0x0000022181946e00 JavaThread "Daemon client event forwarder" [_thread_blocked, id=18692, stack(0x0000007d6b800000,0x0000007d6b900000)]
  0x0000022181947310 JavaThread "Cache worker for journal cache (C:\Users\sanja\.gradle\caches\journal-1)" [_thread_blocked, id=33488, stack(0x0000007d6bd00000,0x0000007d6be00000)]
  0x0000022181947820 JavaThread "File lock request listener" [_thread_in_native, id=11500, stack(0x0000007d6be00000,0x0000007d6bf00000)]
  0x0000022181948240 JavaThread "Cache worker for file hash cache (C:\Users\sanja\.gradle\caches\8.11.1\fileHashes)" [_thread_blocked, id=42632, stack(0x0000007d6bf00000,0x0000007d6c000000)]
  0x0000022181944fa0 JavaThread "Cache worker for file content cache (C:\Users\sanja\.gradle\caches\8.11.1\fileContent)" [_thread_blocked, id=23716, stack(0x0000007d6c000000,0x0000007d6c100000)]
  0x00000221819463e0 JavaThread "Cache worker for file hash cache (C:\Projects\my_shop\.gradle\8.11.1\fileHashes)" [_thread_blocked, id=43636, stack(0x0000007d6c100000,0x0000007d6c200000)]
  0x0000022181947d30 JavaThread "Cache worker for Build Output Cleanup Cache (C:\Projects\my_shop\.gradle\buildOutputCleanup)" [_thread_blocked, id=11340, stack(0x0000007d6c200000,0x0000007d6c300000)]
  0x00000221891dc880 JavaThread "File watcher server" daemon [_thread_in_native, id=18724, stack(0x0000007d6c300000,0x0000007d6c400000)]
  0x00000221891da000 JavaThread "File watcher consumer" daemon [_thread_blocked, id=41536, stack(0x0000007d6c400000,0x0000007d6c500000)]
  0x00000221891da510 JavaThread "Cache worker for checksums cache (C:\Projects\my_shop\.gradle\8.11.1\checksums)" [_thread_blocked, id=14400, stack(0x0000007d6c500000,0x0000007d6c600000)]
  0x00000221891dcd90 JavaThread "Cache worker for cache directory md-rule (C:\Users\sanja\.gradle\caches\8.11.1\md-rule)" [_thread_blocked, id=42552, stack(0x0000007d6c600000,0x0000007d6c700000)]
  0x00000221891daf30 JavaThread "Cache worker for cache directory md-supplier (C:\Users\sanja\.gradle\caches\8.11.1\md-supplier)" [_thread_blocked, id=44488, stack(0x0000007d6bc00000,0x0000007d6bd00000)]
  0x00000221891de6e0 JavaThread "Kotlin DSL Writer" [_thread_blocked, id=35764, stack(0x0000007d6c800000,0x0000007d6c900000)]
  0x000002218b8b0ee0 JavaThread "Unconstrained build operations" [_thread_blocked, id=34476, stack(0x0000007d6c700000,0x0000007d6c800000)]
  0x000002218b8b3250 JavaThread "Unconstrained build operations Thread 2" [_thread_blocked, id=10148, stack(0x0000007d6cc00000,0x0000007d6cd00000)]
  0x000002218b8b4180 JavaThread "Unconstrained build operations Thread 3" [_thread_blocked, id=11136, stack(0x0000007d6cd00000,0x0000007d6ce00000)]
  0x000002218b8b13f0 JavaThread "Unconstrained build operations Thread 4" [_thread_blocked, id=26236, stack(0x0000007d6ce00000,0x0000007d6cf00000)]
  0x000002218b8b1e10 JavaThread "Unconstrained build operations Thread 5" [_thread_blocked, id=21560, stack(0x0000007d6cf00000,0x0000007d6d000000)]
  0x000002218b8b1900 JavaThread "Unconstrained build operations Thread 6" [_thread_blocked, id=5404, stack(0x0000007d6d000000,0x0000007d6d100000)]
  0x000002218b8b2320 JavaThread "Unconstrained build operations Thread 7" [_thread_blocked, id=44584, stack(0x0000007d6d100000,0x0000007d6d200000)]
  0x000002218b8b2d40 JavaThread "Unconstrained build operations Thread 8" [_thread_blocked, id=36116, stack(0x0000007d6d200000,0x0000007d6d300000)]
  0x00000221891dfb20 JavaThread "Unconstrained build operations Thread 9" [_thread_blocked, id=23144, stack(0x0000007d6d300000,0x0000007d6d400000)]
  0x00000221891e0540 JavaThread "Unconstrained build operations Thread 10" [_thread_blocked, id=32444, stack(0x0000007d6d400000,0x0000007d6d500000)]
  0x000002218a6291f0 JavaThread "Unconstrained build operations Thread 11" [_thread_blocked, id=25112, stack(0x0000007d6d500000,0x0000007d6d600000)]
  0x000002218a627db0 JavaThread "Unconstrained build operations Thread 12" [_thread_blocked, id=9544, stack(0x0000007d6d600000,0x0000007d6d700000)]
  0x000002218a627390 JavaThread "Unconstrained build operations Thread 13" [_thread_blocked, id=25256, stack(0x0000007d6d700000,0x0000007d6d800000)]
=>0x0000022187ce9330 JavaThread "C2 CompilerThread1" daemon [_thread_in_native, id=20336, stack(0x0000007d6d800000,0x0000007d6d900000)]
  0x000002218a6278a0 JavaThread "Unconstrained build operations Thread 14" [_thread_in_Java, id=13332, stack(0x0000007d6d900000,0x0000007d6da00000)]
  0x000002218a6282c0 JavaThread "Unconstrained build operations Thread 15" [_thread_in_native, id=22460, stack(0x0000007d6da00000,0x0000007d6db00000)]
  0x000002218a625f50 JavaThread "Unconstrained build operations Thread 16" [_thread_blocked, id=26756, stack(0x0000007d6db00000,0x0000007d6dc00000)]
  0x000002218a6287d0 JavaThread "Unconstrained build operations Thread 17" [_thread_blocked, id=34076, stack(0x0000007d6dc00000,0x0000007d6dd00000)]
  0x000002218a628ce0 JavaThread "Unconstrained build operations Thread 18" [_thread_in_native, id=14008, stack(0x0000007d6dd00000,0x0000007d6de00000)]
  0x000002218a626e80 JavaThread "Unconstrained build operations Thread 19" [_thread_in_native, id=36108, stack(0x0000007d6de00000,0x0000007d6df00000)]
  0x000002218a626460 JavaThread "Unconstrained build operations Thread 20" [_thread_in_Java, id=29060, stack(0x0000007d6df00000,0x0000007d6e000000)]

Other Threads:
  0x000002213e745140 VMThread "VM Thread" [stack: 0x0000007d69e00000,0x0000007d69f00000] [id=27108]
  0x0000022181857320 WatcherThread [stack: 0x0000007d6aa00000,0x0000007d6ab00000] [id=23772]
  0x000002211ecd9da0 GCTaskThread "GC Thread#0" [stack: 0x0000007d69d00000,0x0000007d69e00000] [id=12364]
  0x00000221869c7460 GCTaskThread "GC Thread#1" [stack: 0x0000007d6ac00000,0x0000007d6ad00000] [id=33644]
  0x000002218642d240 GCTaskThread "GC Thread#2" [stack: 0x0000007d6ad00000,0x0000007d6ae00000] [id=37040]
  0x00000221862162f0 GCTaskThread "GC Thread#3" [stack: 0x0000007d6ae00000,0x0000007d6af00000] [id=35548]
  0x00000221819d34e0 GCTaskThread "GC Thread#4" [stack: 0x0000007d6ab00000,0x0000007d6ac00000] [id=23096]
  0x00000221862df360 GCTaskThread "GC Thread#5" [stack: 0x0000007d6b900000,0x0000007d6ba00000] [id=31112]
  0x00000221817eaa80 GCTaskThread "GC Thread#6" [stack: 0x0000007d6ba00000,0x0000007d6bb00000] [id=38200]
  0x00000221868852b0 GCTaskThread "GC Thread#7" [stack: 0x0000007d6bb00000,0x0000007d6bc00000] [id=27924]

Threads with active compile tasks:
C2 CompilerThread0    56683 14914       4       org.gradle.internal.resource.transfer.ResourceOperation::logProcessedBytes (87 bytes)
C2 CompilerThread1    56683 15053       4       org.gradle.internal.resource.transfer.AbstractProgressLoggingHandler$ProgressLoggingInputStream::read (27 bytes)

VM state: not at safepoint (normal execution)

VM Mutex/Monitor currently owned by a thread: None

Heap address: 0x0000000700000000, size: 4096 MB, Compressed Oops mode: Zero based, Oop shift amount: 3

CDS archive(s) mapped at: [0x000002213f000000-0x000002213fbd0000-0x000002213fbd0000), size 12386304, SharedBaseAddress: 0x000002213f000000, ArchiveRelocationMode: 1.
Compressed class space mapped at: 0x0000022140000000-0x0000022180000000, reserved size: 1073741824
Narrow klass base: 0x000002213f000000, Narrow klass shift: 0, Narrow klass range: 0x100000000

GC Precious Log:
 CPUs: 8 total, 8 available
 Memory: 7914M
 Large Page Support: Disabled
 NUMA Support: Disabled
 Compressed Oops: Enabled (Zero based)
 Alignments: Space 512K, Generation 512K, Heap 2M
 Heap Min Capacity: 8M
 Heap Initial Capacity: 124M
 Heap Max Capacity: 4G
 Pre-touch: Disabled
 Parallel Workers: 8

Heap:
 PSYoungGen      total 104448K, used 94701K [0x00000007aab00000, 0x00000007b2280000, 0x0000000800000000)
  eden space 94720K, 93% used [0x00000007aab00000,0x00000007b0142198,0x00000007b0780000)
  from space 9728K, 65% used [0x00000007b1900000,0x00000007b1f39350,0x00000007b2280000)
  to   space 13824K, 0% used [0x00000007b0780000,0x00000007b0780000,0x00000007b1500000)
 ParOldGen       total 84992K, used 68598K [0x0000000700000000, 0x0000000705300000, 0x00000007aab00000)
  object space 84992K, 80% used [0x0000000700000000,0x00000007042fdad8,0x0000000705300000)
 Metaspace       used 129724K, committed 130560K, reserved 1179648K
  class space    used 16371K, committed 16768K, reserved 1048576K

Card table byte_map: [0x0000022135580000,0x0000022135d90000] _byte_map_base: 0x0000022131d80000

Marking Bits: (ParMarkBitMap*) 0x00007ffeb6b22be0
 Begin Bits: [0x0000022135d90000, 0x0000022139d90000)
 End Bits:   [0x0000022139d90000, 0x000002213dd90000)

Polling page: 0x000002211cbe0000

Metaspace:

Usage:
  Non-class:    110.70 MB used.
      Class:     15.99 MB used.
       Both:    126.68 MB used.

Virtual space:
  Non-class space:      128.00 MB reserved,     111.12 MB ( 87%) committed,  2 nodes.
      Class space:        1.00 GB reserved,      16.38 MB (  2%) committed,  1 nodes.
             Both:        1.12 GB reserved,     127.50 MB ( 11%) committed. 

Chunk freelists:
   Non-Class:  368.00 KB
       Class:  15.60 MB
        Both:  15.96 MB

MaxMetaspaceSize: unlimited
CompressedClassSpaceSize: 1.00 GB
Initial GC threshold: 21.00 MB
Current GC threshold: 162.19 MB
CDS: on
MetaspaceReclaimPolicy: balanced
 - commit_granule_bytes: 65536.
 - commit_granule_words: 8192.
 - virtual_space_node_default_size: 8388608.
 - enlarge_chunks_in_place: 1.
 - new_chunks_are_fully_committed: 0.
 - uncommit_free_chunks: 1.
 - use_allocation_guard: 0.
 - handle_deallocations: 1.


Internal statistics:

num_allocs_failed_limit: 12.
num_arena_births: 996.
num_arena_deaths: 0.
num_vsnodes_births: 3.
num_vsnodes_deaths: 0.
num_space_committed: 2038.
num_space_uncommitted: 0.
num_chunks_returned_to_freelist: 12.
num_chunks_taken_from_freelist: 5548.
num_chunk_merges: 12.
num_chunk_splits: 4245.
num_chunks_enlarged: 3456.
num_inconsistent_stats: 0.

CodeHeap 'non-profiled nmethods': size=120000Kb used=6859Kb max_used=6898Kb free=113140Kb
 bounds [0x000002212e050000, 0x000002212e710000, 0x0000022135580000]
CodeHeap 'profiled nmethods': size=120000Kb used=27333Kb max_used=27869Kb free=92666Kb
 bounds [0x0000022126580000, 0x00000221280d0000, 0x000002212dab0000]
CodeHeap 'non-nmethods': size=5760Kb used=1907Kb max_used=1967Kb free=3852Kb
 bounds [0x000002212dab0000, 0x000002212dd20000, 0x000002212e050000]
 total_blobs=13933 nmethods=12915 adapters=930
 compilation: enabled
              stopped_count=0, restarted_count=0
 full_count=0

Compilation events (20 events):
Event: 55.876 Thread 0x000002213e774e10 nmethod 15129 0x0000022127caa210 code [0x0000022127caa3c0, 0x0000022127caa5d8]
Event: 55.877 Thread 0x000002213e774e10 15130       3       com.esotericsoftware.kryo.io.Input::readString (127 bytes)
Event: 55.879 Thread 0x000002213e774e10 nmethod 15130 0x0000022127ca9810 code [0x0000022127ca9a20, 0x0000022127ca9fd8]
Event: 55.932 Thread 0x000002213e774e10 15133       1       org.gradle.internal.resource.transfer.ProgressLoggingExternalResourceAccessor::access$100 (5 bytes)
Event: 55.932 Thread 0x000002213e774e10 nmethod 15133 0x000002212e2da990 code [0x000002212e2dab20, 0x000002212e2dabd8]
Event: 55.933 Thread 0x000002213e774e10 15134       1       org.apache.http.client.methods.HttpRequestBase::setURI (6 bytes)
Event: 55.934 Thread 0x000002213e774e10 nmethod 15134 0x000002212e330f90 code [0x000002212e331120, 0x000002212e3311f8]
Event: 55.934 Thread 0x000002213e774e10 15135       1       org.apache.http.client.methods.HttpRequestBase::getConfig (5 bytes)
Event: 55.934 Thread 0x000002213e774e10 nmethod 15135 0x000002212e330c90 code [0x000002212e330e20, 0x000002212e330ef8]
Event: 55.944 Thread 0x000002213e774e10 15136       2       org.apache.http.auth.AuthState::<init> (12 bytes)
Event: 55.945 Thread 0x000002213e774e10 nmethod 15136 0x0000022127ca9490 code [0x0000022127ca9620, 0x0000022127ca9758]
Event: 55.945 Thread 0x000002213e774e10 15137       1       org.apache.http.client.config.RequestConfig::getLocalAddress (5 bytes)
Event: 55.946 Thread 0x000002213e774e10 nmethod 15137 0x000002212e330990 code [0x000002212e330b20, 0x000002212e330bf8]
Event: 55.946 Thread 0x000002213e774e10 15138       1       org.apache.http.client.config.RequestConfig::getProxy (5 bytes)
Event: 55.946 Thread 0x000002213e774e10 nmethod 15138 0x000002212e330690 code [0x000002212e330820, 0x000002212e3308f8]
Event: 55.947 Thread 0x000002213e774e10 15139       2       org.apache.http.message.HeaderGroup::getAllHeaders (25 bytes)
Event: 55.947 Thread 0x000002213e774e10 nmethod 15139 0x0000022127ca8f90 code [0x0000022127ca9140, 0x0000022127ca9398]
Event: 55.948 Thread 0x000002213e774e10 15141       2       org.apache.http.message.AbstractHttpMessage::<init> (6 bytes)
Event: 56.531 Thread 0x000002213e774e10 nmethod 15141 0x0000022127ca8a90 code [0x0000022127ca8c40, 0x0000022127ca8e88]
Event: 56.531 Thread 0x000002213e774e10 15142       2       org.apache.http.message.AbstractHttpMessage::<init> (21 bytes)

GC Heap History (20 events):
Event: 20.001 GC heap before
{Heap before GC invocations=19 (full 3):
 PSYoungGen      total 136704K, used 9928K [0x00000007aab00000, 0x00000007b4100000, 0x0000000800000000)
  eden space 122880K, 0% used [0x00000007aab00000,0x00000007aab00000,0x00000007b2300000)
  from space 13824K, 71% used [0x00000007b3180000,0x00000007b3b32300,0x00000007b3f00000)
  to   space 14848K, 0% used [0x00000007b2300000,0x00000007b2300000,0x00000007b3180000)
 ParOldGen       total 84992K, used 42770K [0x0000000700000000, 0x0000000705300000, 0x00000007aab00000)
  object space 84992K, 50% used [0x0000000700000000,0x00000007029c48f0,0x0000000705300000)
 Metaspace       used 59300K, committed 59776K, reserved 1114112K
  class space    used 8286K, committed 8512K, reserved 1048576K
}
Event: 20.150 GC heap after
{Heap after GC invocations=19 (full 3):
 PSYoungGen      total 136704K, used 0K [0x00000007aab00000, 0x00000007b4100000, 0x0000000800000000)
  eden space 122880K, 0% used [0x00000007aab00000,0x00000007aab00000,0x00000007b2300000)
  from space 13824K, 0% used [0x00000007b3180000,0x00000007b3180000,0x00000007b3f00000)
  to   space 14848K, 0% used [0x00000007b2300000,0x00000007b2300000,0x00000007b3180000)
 ParOldGen       total 84992K, used 52180K [0x0000000700000000, 0x0000000705300000, 0x00000007aab00000)
  object space 84992K, 61% used [0x0000000700000000,0x00000007032f5290,0x0000000705300000)
 Metaspace       used 59300K, committed 59776K, reserved 1114112K
  class space    used 8286K, committed 8512K, reserved 1048576K
}
Event: 23.101 GC heap before
{Heap before GC invocations=20 (full 3):
 PSYoungGen      total 136704K, used 122880K [0x00000007aab00000, 0x00000007b4100000, 0x0000000800000000)
  eden space 122880K, 100% used [0x00000007aab00000,0x00000007b2300000,0x00000007b2300000)
  from space 13824K, 0% used [0x00000007b3180000,0x00000007b3180000,0x00000007b3f00000)
  to   space 14848K, 0% used [0x00000007b2300000,0x00000007b2300000,0x00000007b3180000)
 ParOldGen       total 84992K, used 52180K [0x0000000700000000, 0x0000000705300000, 0x00000007aab00000)
  object space 84992K, 61% used [0x0000000700000000,0x00000007032f5290,0x0000000705300000)
 Metaspace       used 71736K, committed 72256K, reserved 1114112K
  class space    used 9683K, committed 9920K, reserved 1048576K
}
Event: 23.112 GC heap after
{Heap after GC invocations=20 (full 3):
 PSYoungGen      total 124928K, used 6385K [0x00000007aab00000, 0x00000007b3a80000, 0x0000000800000000)
  eden space 118272K, 0% used [0x00000007aab00000,0x00000007aab00000,0x00000007b1e80000)
  from space 6656K, 95% used [0x00000007b2300000,0x00000007b293c640,0x00000007b2980000)
  to   space 14336K, 0% used [0x00000007b2c80000,0x00000007b2c80000,0x00000007b3a80000)
 ParOldGen       total 84992K, used 52188K [0x0000000700000000, 0x0000000705300000, 0x00000007aab00000)
  object space 84992K, 61% used [0x0000000700000000,0x00000007032f7290,0x0000000705300000)
 Metaspace       used 71736K, committed 72256K, reserved 1114112K
  class space    used 9683K, committed 9920K, reserved 1048576K
}
Event: 27.764 GC heap before
{Heap before GC invocations=21 (full 3):
 PSYoungGen      total 124928K, used 124657K [0x00000007aab00000, 0x00000007b3a80000, 0x0000000800000000)
  eden space 118272K, 100% used [0x00000007aab00000,0x00000007b1e80000,0x00000007b1e80000)
  from space 6656K, 95% used [0x00000007b2300000,0x00000007b293c640,0x00000007b2980000)
  to   space 14336K, 0% used [0x00000007b2c80000,0x00000007b2c80000,0x00000007b3a80000)
 ParOldGen       total 84992K, used 52188K [0x0000000700000000, 0x0000000705300000, 0x00000007aab00000)
  object space 84992K, 61% used [0x0000000700000000,0x00000007032f7290,0x0000000705300000)
 Metaspace       used 82576K, committed 83136K, reserved 1179648K
  class space    used 10897K, committed 11136K, reserved 1048576K
}
Event: 27.790 GC heap after
{Heap after GC invocations=21 (full 3):
 PSYoungGen      total 123392K, used 8960K [0x00000007aab00000, 0x00000007b3600000, 0x0000000800000000)
  eden space 113664K, 0% used [0x00000007aab00000,0x00000007aab00000,0x00000007b1a00000)
  from space 9728K, 92% used [0x00000007b2c80000,0x00000007b3540058,0x00000007b3600000)
  to   space 14336K, 0% used [0x00000007b1a00000,0x00000007b1a00000,0x00000007b2800000)
 ParOldGen       total 84992K, used 58372K [0x0000000700000000, 0x0000000705300000, 0x00000007aab00000)
  object space 84992K, 68% used [0x0000000700000000,0x00000007039010d8,0x0000000705300000)
 Metaspace       used 82576K, committed 83136K, reserved 1179648K
  class space    used 10897K, committed 11136K, reserved 1048576K
}
Event: 31.041 GC heap before
{Heap before GC invocations=22 (full 3):
 PSYoungGen      total 123392K, used 122624K [0x00000007aab00000, 0x00000007b3600000, 0x0000000800000000)
  eden space 113664K, 100% used [0x00000007aab00000,0x00000007b1a00000,0x00000007b1a00000)
  from space 9728K, 92% used [0x00000007b2c80000,0x00000007b3540058,0x00000007b3600000)
  to   space 14336K, 0% used [0x00000007b1a00000,0x00000007b1a00000,0x00000007b2800000)
 ParOldGen       total 84992K, used 58372K [0x0000000700000000, 0x0000000705300000, 0x00000007aab00000)
  object space 84992K, 68% used [0x0000000700000000,0x00000007039010d8,0x0000000705300000)
 Metaspace       used 97443K, committed 98112K, reserved 1179648K
  class space    used 12557K, committed 12864K, reserved 1048576K
}
Event: 31.059 GC heap after
{Heap after GC invocations=22 (full 3):
 PSYoungGen      total 113152K, used 3568K [0x00000007aab00000, 0x00000007b3200000, 0x0000000800000000)
  eden space 109568K, 0% used [0x00000007aab00000,0x00000007aab00000,0x00000007b1600000)
  from space 3584K, 99% used [0x00000007b1a00000,0x00000007b1d7c010,0x00000007b1d80000)
  to   space 14336K, 0% used [0x00000007b2400000,0x00000007b2400000,0x00000007b3200000)
 ParOldGen       total 84992K, used 67052K [0x0000000700000000, 0x0000000705300000, 0x00000007aab00000)
  object space 84992K, 78% used [0x0000000700000000,0x000000070417b238,0x0000000705300000)
 Metaspace       used 97443K, committed 98112K, reserved 1179648K
  class space    used 12557K, committed 12864K, reserved 1048576K
}
Event: 31.380 GC heap before
{Heap before GC invocations=23 (full 3):
 PSYoungGen      total 113152K, used 17288K [0x00000007aab00000, 0x00000007b3200000, 0x0000000800000000)
  eden space 109568K, 12% used [0x00000007aab00000,0x00000007ab866230,0x00000007b1600000)
  from space 3584K, 99% used [0x00000007b1a00000,0x00000007b1d7c010,0x00000007b1d80000)
  to   space 14336K, 0% used [0x00000007b2400000,0x00000007b2400000,0x00000007b3200000)
 ParOldGen       total 84992K, used 67052K [0x0000000700000000, 0x0000000705300000, 0x00000007aab00000)
  object space 84992K, 78% used [0x0000000700000000,0x000000070417b238,0x0000000705300000)
 Metaspace       used 99065K, committed 99648K, reserved 1179648K
  class space    used 12780K, committed 13056K, reserved 1048576K
}
Event: 31.386 GC heap after
{Heap after GC invocations=23 (full 3):
 PSYoungGen      total 123904K, used 597K [0x00000007aab00000, 0x00000007b3200000, 0x0000000800000000)
  eden space 109568K, 0% used [0x00000007aab00000,0x00000007aab00000,0x00000007b1600000)
  from space 14336K, 4% used [0x00000007b2400000,0x00000007b2495610,0x00000007b3200000)
  to   space 14336K, 0% used [0x00000007b1600000,0x00000007b1600000,0x00000007b2400000)
 ParOldGen       total 84992K, used 70428K [0x0000000700000000, 0x0000000705300000, 0x00000007aab00000)
  object space 84992K, 82% used [0x0000000700000000,0x00000007044c7258,0x0000000705300000)
 Metaspace       used 99065K, committed 99648K, reserved 1179648K
  class space    used 12780K, committed 13056K, reserved 1048576K
}
Event: 31.386 GC heap before
{Heap before GC invocations=24 (full 4):
 PSYoungGen      total 123904K, used 597K [0x00000007aab00000, 0x00000007b3200000, 0x0000000800000000)
  eden space 109568K, 0% used [0x00000007aab00000,0x00000007aab00000,0x00000007b1600000)
  from space 14336K, 4% used [0x00000007b2400000,0x00000007b2495610,0x00000007b3200000)
  to   space 14336K, 0% used [0x00000007b1600000,0x00000007b1600000,0x00000007b2400000)
 ParOldGen       total 84992K, used 70428K [0x0000000700000000, 0x0000000705300000, 0x00000007aab00000)
  object space 84992K, 82% used [0x0000000700000000,0x00000007044c7258,0x0000000705300000)
 Metaspace       used 99065K, committed 99648K, reserved 1179648K
  class space    used 12780K, committed 13056K, reserved 1048576K
}
Event: 31.486 GC heap after
{Heap after GC invocations=24 (full 4):
 PSYoungGen      total 123904K, used 0K [0x00000007aab00000, 0x00000007b3200000, 0x0000000800000000)
  eden space 109568K, 0% used [0x00000007aab00000,0x00000007aab00000,0x00000007b1600000)
  from space 14336K, 0% used [0x00000007b2400000,0x00000007b2400000,0x00000007b3200000)
  to   space 14336K, 0% used [0x00000007b1600000,0x00000007b1600000,0x00000007b2400000)
 ParOldGen       total 84992K, used 61191K [0x0000000700000000, 0x0000000705300000, 0x00000007aab00000)
  object space 84992K, 71% used [0x0000000700000000,0x0000000703bc1d38,0x0000000705300000)
 Metaspace       used 99065K, committed 99648K, reserved 1179648K
  class space    used 12780K, committed 13056K, reserved 1048576K
}
Event: 33.837 GC heap before
{Heap before GC invocations=25 (full 4):
 PSYoungGen      total 123904K, used 109568K [0x00000007aab00000, 0x00000007b3200000, 0x0000000800000000)
  eden space 109568K, 100% used [0x00000007aab00000,0x00000007b1600000,0x00000007b1600000)
  from space 14336K, 0% used [0x00000007b2400000,0x00000007b2400000,0x00000007b3200000)
  to   space 14336K, 0% used [0x00000007b1600000,0x00000007b1600000,0x00000007b2400000)
 ParOldGen       total 84992K, used 61191K [0x0000000700000000, 0x0000000705300000, 0x00000007aab00000)
  object space 84992K, 71% used [0x0000000700000000,0x0000000703bc1d38,0x0000000705300000)
 Metaspace       used 103127K, committed 103808K, reserved 1179648K
  class space    used 13246K, committed 13568K, reserved 1048576K
}
Event: 33.841 GC heap after
{Heap after GC invocations=25 (full 4):
 PSYoungGen      total 107008K, used 1088K [0x00000007aab00000, 0x00000007b2e00000, 0x0000000800000000)
  eden space 105472K, 0% used [0x00000007aab00000,0x00000007aab00000,0x00000007b1200000)
  from space 1536K, 70% used [0x00000007b1600000,0x00000007b1710000,0x00000007b1780000)
  to   space 14336K, 0% used [0x00000007b2000000,0x00000007b2000000,0x00000007b2e00000)
 ParOldGen       total 84992K, used 61199K [0x0000000700000000, 0x0000000705300000, 0x00000007aab00000)
  object space 84992K, 72% used [0x0000000700000000,0x0000000703bc3d38,0x0000000705300000)
 Metaspace       used 103127K, committed 103808K, reserved 1179648K
  class space    used 13246K, committed 13568K, reserved 1048576K
}
Event: 35.779 GC heap before
{Heap before GC invocations=26 (full 4):
 PSYoungGen      total 107008K, used 106560K [0x00000007aab00000, 0x00000007b2e00000, 0x0000000800000000)
  eden space 105472K, 100% used [0x00000007aab00000,0x00000007b1200000,0x00000007b1200000)
  from space 1536K, 70% used [0x00000007b1600000,0x00000007b1710000,0x00000007b1780000)
  to   space 14336K, 0% used [0x00000007b2000000,0x00000007b2000000,0x00000007b2e00000)
 ParOldGen       total 84992K, used 61199K [0x0000000700000000, 0x0000000705300000, 0x00000007aab00000)
  object space 84992K, 72% used [0x0000000700000000,0x0000000703bc3d38,0x0000000705300000)
 Metaspace       used 111660K, committed 112384K, reserved 1179648K
  class space    used 14329K, committed 14656K, reserved 1048576K
}
Event: 35.787 GC heap after
{Heap after GC invocations=26 (full 4):
 PSYoungGen      total 110592K, used 4530K [0x00000007aab00000, 0x00000007b2880000, 0x0000000800000000)
  eden space 101888K, 0% used [0x00000007aab00000,0x00000007aab00000,0x00000007b0e80000)
  from space 8704K, 52% used [0x00000007b2000000,0x00000007b246caf0,0x00000007b2880000)
  to   space 13312K, 0% used [0x00000007b0e80000,0x00000007b0e80000,0x00000007b1b80000)
 ParOldGen       total 84992K, used 62163K [0x0000000700000000, 0x0000000705300000, 0x00000007aab00000)
  object space 84992K, 73% used [0x0000000700000000,0x0000000703cb4dc0,0x0000000705300000)
 Metaspace       used 111660K, committed 112384K, reserved 1179648K
  class space    used 14329K, committed 14656K, reserved 1048576K
}
Event: 39.278 GC heap before
{Heap before GC invocations=27 (full 4):
 PSYoungGen      total 110592K, used 106418K [0x00000007aab00000, 0x00000007b2880000, 0x0000000800000000)
  eden space 101888K, 100% used [0x00000007aab00000,0x00000007b0e80000,0x00000007b0e80000)
  from space 8704K, 52% used [0x00000007b2000000,0x00000007b246caf0,0x00000007b2880000)
  to   space 13312K, 0% used [0x00000007b0e80000,0x00000007b0e80000,0x00000007b1b80000)
 ParOldGen       total 84992K, used 62163K [0x0000000700000000, 0x0000000705300000, 0x00000007aab00000)
  object space 84992K, 73% used [0x0000000700000000,0x0000000703cb4dc0,0x0000000705300000)
 Metaspace       used 117043K, committed 117824K, reserved 1179648K
  class space    used 15028K, committed 15360K, reserved 1048576K
}
Event: 39.294 GC heap after
{Heap after GC invocations=27 (full 4):
 PSYoungGen      total 108032K, used 9329K [0x00000007aab00000, 0x00000007b2700000, 0x0000000800000000)
  eden space 98304K, 0% used [0x00000007aab00000,0x00000007aab00000,0x00000007b0b00000)
  from space 9728K, 95% used [0x00000007b0e80000,0x00000007b179c738,0x00000007b1800000)
  to   space 14336K, 0% used [0x00000007b1900000,0x00000007b1900000,0x00000007b2700000)
 ParOldGen       total 84992K, used 64702K [0x0000000700000000, 0x0000000705300000, 0x00000007aab00000)
  object space 84992K, 76% used [0x0000000700000000,0x0000000703f2fa98,0x0000000705300000)
 Metaspace       used 117043K, committed 117824K, reserved 1179648K
  class space    used 15028K, committed 15360K, reserved 1048576K
}
Event: 47.612 GC heap before
{Heap before GC invocations=28 (full 4):
 PSYoungGen      total 108032K, used 107633K [0x00000007aab00000, 0x00000007b2700000, 0x0000000800000000)
  eden space 98304K, 100% used [0x00000007aab00000,0x00000007b0b00000,0x00000007b0b00000)
  from space 9728K, 95% used [0x00000007b0e80000,0x00000007b179c738,0x00000007b1800000)
  to   space 14336K, 0% used [0x00000007b1900000,0x00000007b1900000,0x00000007b2700000)
 ParOldGen       total 84992K, used 64702K [0x0000000700000000, 0x0000000705300000, 0x00000007aab00000)
  object space 84992K, 76% used [0x0000000700000000,0x0000000703f2fa98,0x0000000705300000)
 Metaspace       used 128590K, committed 129344K, reserved 1179648K
  class space    used 16340K, committed 16704K, reserved 1048576K
}
Event: 47.634 GC heap after
{Heap after GC invocations=28 (full 4):
 PSYoungGen      total 104448K, used 6372K [0x00000007aab00000, 0x00000007b2280000, 0x0000000800000000)
  eden space 94720K, 0% used [0x00000007aab00000,0x00000007aab00000,0x00000007b0780000)
  from space 9728K, 65% used [0x00000007b1900000,0x00000007b1f39350,0x00000007b2280000)
  to   space 13824K, 0% used [0x00000007b0780000,0x00000007b0780000,0x00000007b1500000)
 ParOldGen       total 84992K, used 68598K [0x0000000700000000, 0x0000000705300000, 0x00000007aab00000)
  object space 84992K, 80% used [0x0000000700000000,0x00000007042fdad8,0x0000000705300000)
 Metaspace       used 128590K, committed 129344K, reserved 1179648K
  class space    used 16340K, committed 16704K, reserved 1048576K
}

Deoptimization events (20 events):
Event: 54.444 Thread 0x000002218a6287d0 DEOPT PACKING pc=0x0000022127f296d2 sp=0x0000007d6dcfd0b0
Event: 54.444 Thread 0x000002218a6287d0 DEOPT UNPACKING pc=0x000002212db063e3 sp=0x0000007d6dcfc5a8 mode 0
Event: 54.828 Thread 0x000002218a628ce0 Uncommon trap: trap_request=0xffffffde fr.pc=0x000002212e2e45ac relative=0x0000000000004c2c
Event: 54.828 Thread 0x000002218a628ce0 Uncommon trap: reason=class_check action=maybe_recompile pc=0x000002212e2e45ac method=org.gradle.internal.resource.transfer.AbstractProgressLoggingHandler$ProgressLoggingInputStream.read([BII)I @ 7 c2
Event: 54.828 Thread 0x000002218a628ce0 DEOPT PACKING pc=0x000002212e2e45ac sp=0x0000007d6ddfcc40
Event: 54.828 Thread 0x000002218a628ce0 DEOPT UNPACKING pc=0x000002212db058a3 sp=0x0000007d6ddfcc40 mode 2
Event: 54.828 Thread 0x000002218a628ce0 Uncommon trap: trap_request=0xffffffde fr.pc=0x000002212e2e45ac relative=0x0000000000004c2c
Event: 54.828 Thread 0x000002218a628ce0 Uncommon trap: reason=class_check action=maybe_recompile pc=0x000002212e2e45ac method=org.gradle.internal.resource.transfer.AbstractProgressLoggingHandler$ProgressLoggingInputStream.read([BII)I @ 7 c2
Event: 54.828 Thread 0x000002218a628ce0 DEOPT PACKING pc=0x000002212e2e45ac sp=0x0000007d6ddfcc40
Event: 54.828 Thread 0x000002218a628ce0 DEOPT UNPACKING pc=0x000002212db058a3 sp=0x0000007d6ddfcc40 mode 2
Event: 54.829 Thread 0x000002218a628ce0 Uncommon trap: trap_request=0xffffffde fr.pc=0x000002212e2e45ac relative=0x0000000000004c2c
Event: 54.830 Thread 0x000002218a628ce0 Uncommon trap: reason=class_check action=maybe_recompile pc=0x000002212e2e45ac method=org.gradle.internal.resource.transfer.AbstractProgressLoggingHandler$ProgressLoggingInputStream.read([BII)I @ 7 c2
Event: 54.830 Thread 0x000002218a628ce0 DEOPT PACKING pc=0x000002212e2e45ac sp=0x0000007d6ddfcc40
Event: 54.830 Thread 0x000002218a628ce0 DEOPT UNPACKING pc=0x000002212db058a3 sp=0x0000007d6ddfcc40 mode 2
Event: 54.830 Thread 0x000002218a628ce0 Uncommon trap: trap_request=0xffffffde fr.pc=0x000002212e2e45ac relative=0x0000000000004c2c
Event: 54.830 Thread 0x000002218a628ce0 Uncommon trap: reason=class_check action=maybe_recompile pc=0x000002212e2e45ac method=org.gradle.internal.resource.transfer.AbstractProgressLoggingHandler$ProgressLoggingInputStream.read([BII)I @ 7 c2
Event: 54.830 Thread 0x000002218a628ce0 DEOPT PACKING pc=0x000002212e2e45ac sp=0x0000007d6ddfcc40
Event: 54.830 Thread 0x000002218a628ce0 DEOPT UNPACKING pc=0x000002212db058a3 sp=0x0000007d6ddfcc40 mode 2
Event: 55.208 Thread 0x00000221819454b0 DEOPT PACKING pc=0x0000022127f296d2 sp=0x0000007d6b5f67e0
Event: 55.208 Thread 0x00000221819454b0 DEOPT UNPACKING pc=0x000002212db063e3 sp=0x0000007d6b5f5cd8 mode 0

Classes unloaded (0 events):
No events

Classes redefined (0 events):
No events

Internal exceptions (20 events):
Event: 40.242 Thread 0x00000221819454b0 Exception <a 'sun/nio/fs/WindowsException'{0x00000007acc24160}> (0x00000007acc24160) 
thrown [s\open\src\hotspot\share\prims\jni.cpp, line 516]
Event: 40.244 Thread 0x00000221819454b0 Exception <a 'sun/nio/fs/WindowsException'{0x00000007acc25af0}> (0x00000007acc25af0) 
thrown [s\open\src\hotspot\share\prims\jni.cpp, line 516]
Event: 40.276 Thread 0x00000221819454b0 Exception <a 'sun/nio/fs/WindowsException'{0x00000007acc34418}> (0x00000007acc34418) 
thrown [s\open\src\hotspot\share\prims\jni.cpp, line 516]
Event: 40.282 Thread 0x00000221819454b0 Exception <a 'sun/nio/fs/WindowsException'{0x00000007acc3ca00}> (0x00000007acc3ca00) 
thrown [s\open\src\hotspot\share\prims\jni.cpp, line 516]
Event: 40.295 Thread 0x00000221819454b0 Exception <a 'sun/nio/fs/WindowsException'{0x00000007acc459f0}> (0x00000007acc459f0) 
thrown [s\open\src\hotspot\share\prims\jni.cpp, line 516]
Event: 40.612 Thread 0x00000221819454b0 Exception <a 'java/lang/NoSuchMethodError'{0x00000007acf6ccc8}: static Lorg/gradle/api/internal/catalog/DefaultVersionCatalog;.<clinit>()V> (0x00000007acf6ccc8) 
thrown [s\open\src\hotspot\share\prims\jni.cpp, line 1112]
Event: 40.633 Thread 0x00000221819454b0 Exception <a 'java/lang/NoSuchMethodError'{0x00000007acfbef50}: static [Ljava/lang/Object;.<clinit>()V> (0x00000007acfbef50) 
thrown [s\open\src\hotspot\share\prims\jni.cpp, line 1112]
Event: 40.640 Thread 0x00000221819454b0 Exception <a 'java/lang/NoSuchMethodError'{0x00000007acff70d0}: static Lorg/gradle/api/internal/catalog/DependencyModel;.<clinit>()V> (0x00000007acff70d0) 
thrown [s\open\src\hotspot\share\prims\jni.cpp, line 1112]
Event: 40.640 Thread 0x00000221819454b0 Exception <a 'java/lang/NoSuchMethodError'{0x00000007acffa9e8}: static Lorg/gradle/api/internal/catalog/AbstractContextAwareModel;.<clinit>()V> (0x00000007acffa9e8) 
thrown [s\open\src\hotspot\share\prims\jni.cpp, line 1112]
Event: 40.645 Thread 0x00000221819454b0 Exception <a 'java/lang/NoSuchMethodError'{0x00000007ad0146e8}: static Lorg/gradle/api/internal/artifacts/dependencies/AbstractVersionConstraint;.<clinit>()V> (0x00000007ad0146e8) 
thrown [s\open\src\hotspot\share\prims\jni.cpp, line 1112]
Event: 40.662 Thread 0x00000221819454b0 Exception <a 'java/lang/NoSuchMethodError'{0x00000007ad072a78}: static Lorg/gradle/api/internal/catalog/PluginModel;.<clinit>()V> (0x00000007ad072a78) 
thrown [s\open\src\hotspot\share\prims\jni.cpp, line 1112]
Event: 40.664 Thread 0x00000221819454b0 Exception <a 'java/lang/NoSuchMethodError'{0x00000007ad08a1a0}: static Lorg/gradle/api/internal/catalog/VersionModel;.<clinit>()V> (0x00000007ad08a1a0) 
thrown [s\open\src\hotspot\share\prims\jni.cpp, line 1112]
Event: 40.672 Thread 0x00000221819454b0 Exception <a 'java/lang/NoSuchMethodError'{0x00000007ad0af6b0}: 'void java.lang.invoke.DirectMethodHandle$Holder.invokeSpecial(java.lang.Object, java.lang.Object, java.lang.Object, int)'> (0x00000007ad0af6b0) 
thrown [s\open\src\hotspot\share\interpreter\linkResolver.cpp, line 759]
Event: 41.262 Thread 0x00000221819454b0 Exception <a 'sun/nio/fs/WindowsException'{0x00000007ad8f54c8}> (0x00000007ad8f54c8) 
thrown [s\open\src\hotspot\share\prims\jni.cpp, line 516]
Event: 43.571 Thread 0x00000221819454b0 Exception <a 'java/lang/NoSuchMethodError'{0x00000007af0f2950}: 'int java.lang.invoke.DirectMethodHandle$Holder.invokeSpecial(java.lang.Object, java.lang.Object, int)'> (0x00000007af0f2950) 
thrown [s\open\src\hotspot\share\interpreter\linkResolver.cpp, line 759]
Event: 44.112 Thread 0x00000221819454b0 Exception <a 'java/lang/NoSuchMethodError'{0x00000007af6f1ef0}: 'java.lang.Object java.lang.invoke.DirectMethodHandle$Holder.invokeSpecial(java.lang.Object, java.lang.Object, java.lang.Object, java.lang.Object, java.lang.Object, long)'> (0x00000007af6f1ef0) 
thrown [s\open\src\hotspot\share\interpreter\linkResolver.cpp, line 759]
Event: 44.118 Thread 0x00000221819454b0 Exception <a 'java/lang/NoSuchMethodError'{0x00000007af7151f0}: 'void java.lang.invoke.DirectMethodHandle$Holder.invokeStatic(java.lang.Object, java.lang.Object, java.lang.Object, int, java.lang.Object)'> (0x00000007af7151f0) 
thrown [s\open\src\hotspot\share\interpreter\linkResolver.cpp, line 759]
Event: 47.220 Thread 0x00000221819454b0 Exception <a 'java/lang/NoSuchMethodError'{0x00000007b03eb9e8}: 'int java.lang.invoke.DirectMethodHandle$Holder.invokeSpecialIFC(java.lang.Object, java.lang.Object, java.lang.Object)'> (0x00000007b03eb9e8) 
thrown [s\open\src\hotspot\share\interpreter\linkResolver.cpp, line 759]
Event: 47.651 Thread 0x000002213e74d100 Implicit null exception at 0x000002212e65b503 to 0x000002212e65b6e8
Event: 52.595 Thread 0x00000221819454b0 Exception <a 'java/lang/IncompatibleClassChangeError'{0x00000007acd40088}: Found class java.lang.Object, but interface was expected> (0x00000007acd40088) 
thrown [s\open\src\hotspot\share\interpreter\linkResolver.cpp, line 826]

VM Operations (20 events):
Event: 50.663 Executing VM operation: Cleanup
Event: 50.668 Executing VM operation: Cleanup done
Event: 50.735 Executing VM operation: HandshakeAllThreads
Event: 50.735 Executing VM operation: HandshakeAllThreads done
Event: 50.864 Executing VM operation: HandshakeAllThreads
Event: 50.865 Executing VM operation: HandshakeAllThreads done
Event: 51.120 Executing VM operation: HandshakeAllThreads
Event: 51.120 Executing VM operation: HandshakeAllThreads done
Event: 51.290 Executing VM operation: ICBufferFull
Event: 51.290 Executing VM operation: ICBufferFull done
Event: 51.897 Executing VM operation: HandshakeAllThreads
Event: 51.897 Executing VM operation: HandshakeAllThreads done
Event: 52.911 Executing VM operation: Cleanup
Event: 52.911 Executing VM operation: Cleanup done
Event: 53.915 Executing VM operation: Cleanup
Event: 53.916 Executing VM operation: Cleanup done
Event: 54.924 Executing VM operation: Cleanup
Event: 54.924 Executing VM operation: Cleanup done
Event: 55.939 Executing VM operation: Cleanup
Event: 55.944 Executing VM operation: Cleanup done

Events (20 events):
Event: 51.520 loading class java/util/Collections$ReverseComparator2
Event: 51.521 loading class java/util/Collections$ReverseComparator2 done
Event: 51.622 Thread 0x000002218b8b2d40 Thread added: 0x000002218b8b2d40
Event: 51.622 Thread 0x00000221891dfb20 Thread added: 0x00000221891dfb20
Event: 51.623 Thread 0x00000221891e0540 Thread added: 0x00000221891e0540
Event: 51.623 Thread 0x000002218a6291f0 Thread added: 0x000002218a6291f0
Event: 51.624 Thread 0x000002218a627db0 Thread added: 0x000002218a627db0
Event: 51.624 Thread 0x000002218a627390 Thread added: 0x000002218a627390
Event: 51.631 loading class java/util/concurrent/locks/ReentrantReadWriteLock$Sync$HoldCounter
Event: 51.632 loading class java/util/concurrent/locks/ReentrantReadWriteLock$Sync$HoldCounter done
Event: 52.258 Thread 0x0000022187ce9330 Thread added: 0x0000022187ce9330
Event: 52.591 loading class java/util/LinkedList$LLSpliterator
Event: 52.592 loading class java/util/LinkedList$LLSpliterator done
Event: 52.704 Thread 0x000002218a6278a0 Thread added: 0x000002218a6278a0
Event: 52.706 Thread 0x000002218a6282c0 Thread added: 0x000002218a6282c0
Event: 52.707 Thread 0x000002218a625f50 Thread added: 0x000002218a625f50
Event: 52.707 Thread 0x000002218a6287d0 Thread added: 0x000002218a6287d0
Event: 52.707 Thread 0x000002218a628ce0 Thread added: 0x000002218a628ce0
Event: 52.708 Thread 0x000002218a626e80 Thread added: 0x000002218a626e80
Event: 52.708 Thread 0x000002218a626460 Thread added: 0x000002218a626460


Dynamic libraries:
0x00007ff63ee30000 - 0x00007ff63ee40000 	C:\Program Files\Java\jdk-17\bin\java.exe
0x00007fff78ba0000 - 0x00007fff78e06000 	C:\Windows\SYSTEM32\ntdll.dll
0x00007fff76d90000 - 0x00007fff76e59000 	C:\Windows\System32\KERNEL32.DLL
0x00007fff75e80000 - 0x00007fff7627e000 	C:\Windows\System32\KERNELBASE.dll
0x00007fff76770000 - 0x00007fff768bc000 	C:\Windows\System32\ucrtbase.dll
0x00007fff55040000 - 0x00007fff5505b000 	C:\Program Files\Java\jdk-17\bin\VCRUNTIME140.dll
0x00007fff55020000 - 0x00007fff55039000 	C:\Program Files\Java\jdk-17\bin\jli.dll
0x00007fff787f0000 - 0x00007fff788a7000 	C:\Windows\System32\ADVAPI32.dll
0x00007fff76b50000 - 0x00007fff76bf9000 	C:\Windows\System32\msvcrt.dll
0x00007fff77af0000 - 0x00007fff77b9a000 	C:\Windows\System32\sechost.dll
0x00007fff78330000 - 0x00007fff78448000 	C:\Windows\System32\RPCRT4.dll
0x00007fff78990000 - 0x00007fff78b57000 	C:\Windows\System32\USER32.dll
0x00007fff76740000 - 0x00007fff76767000 	C:\Windows\System32\win32u.dll
0x00007fff59360000 - 0x00007fff595f2000 	C:\Windows\WinSxS\amd64_microsoft.windows.common-controls_6595b64144ccf1df_6.0.26100.8875_none_3e0d5d42e32fe9dd\COMCTL32.dll
0x00007fff78450000 - 0x00007fff7847b000 	C:\Windows\System32\GDI32.dll
0x00007fff764d0000 - 0x00007fff765fa000 	C:\Windows\System32\gdi32full.dll
0x00007fff76690000 - 0x00007fff76733000 	C:\Windows\System32\msvcp_win.dll
0x00007fff6e100000 - 0x00007fff6e10b000 	C:\Windows\SYSTEM32\VERSION.dll
0x00007fff787b0000 - 0x00007fff787e2000 	C:\Windows\System32\IMM32.DLL
0x00007fff61fa0000 - 0x00007fff61fac000 	C:\Program Files\Java\jdk-17\bin\vcruntime140_1.dll
0x00007fff3fd10000 - 0x00007fff3fd9e000 	C:\Program Files\Java\jdk-17\bin\msvcp140.dll
0x00007ffeb6000000 - 0x00007ffeb6be0000 	C:\Program Files\Java\jdk-17\bin\server\jvm.dll
0x00007fff78480000 - 0x00007fff78488000 	C:\Windows\System32\PSAPI.DLL
0x00007fff70630000 - 0x00007fff7063a000 	C:\Windows\SYSTEM32\WSOCK32.dll
0x00007fff76c00000 - 0x00007fff76c80000 	C:\Windows\System32\WS2_32.dll
0x00007fff69290000 - 0x00007fff692c6000 	C:\Windows\SYSTEM32\WINMM.dll
0x00007fff74a60000 - 0x00007fff74a7b000 	C:\Windows\SYSTEM32\kernel.appcore.dll
0x00007fff554f0000 - 0x00007fff554fa000 	C:\Program Files\Java\jdk-17\bin\jimage.dll
0x00007fff73300000 - 0x00007fff73542000 	C:\Windows\SYSTEM32\DBGHELP.DLL
0x00007fff77d50000 - 0x00007fff780d3000 	C:\Windows\System32\combase.dll
0x00007fff780e0000 - 0x00007fff781b9000 	C:\Windows\System32\OLEAUT32.dll
0x00007fff3ef70000 - 0x00007fff3efab000 	C:\Windows\SYSTEM32\dbgcore.DLL
0x00007fff75dc0000 - 0x00007fff75e6c000 	C:\Windows\System32\bcryptPrimitives.dll
0x00007fff55430000 - 0x00007fff5543e000 	C:\Program Files\Java\jdk-17\bin\instrument.dll
0x00007fff45be0000 - 0x00007fff45c05000 	C:\Program Files\Java\jdk-17\bin\java.dll
0x00007fff166d0000 - 0x00007fff167a7000 	C:\Program Files\Java\jdk-17\bin\jsvml.dll
0x00007fff76eb0000 - 0x00007fff77642000 	C:\Windows\System32\SHELL32.dll
0x00007fff73820000 - 0x00007fff740b2000 	C:\Windows\SYSTEM32\windows.storage.dll
0x00007fff768d0000 - 0x00007fff769c7000 	C:\Windows\System32\SHCORE.dll
0x00007fff76a80000 - 0x00007fff76ae7000 	C:\Windows\System32\shlwapi.dll
0x00007fff75ce0000 - 0x00007fff75d09000 	C:\Windows\SYSTEM32\profapi.dll
0x00007fff46a30000 - 0x00007fff46a48000 	C:\Program Files\Java\jdk-17\bin\zip.dll
0x00007fff44400000 - 0x00007fff44419000 	C:\Program Files\Java\jdk-17\bin\net.dll
0x00007fff6e380000 - 0x00007fff6e4a7000 	C:\Windows\SYSTEM32\WINHTTP.dll
0x00007fff74ff0000 - 0x00007fff7505c000 	C:\Windows\system32\mswsock.dll
0x00007fff43ca0000 - 0x00007fff43cb6000 	C:\Program Files\Java\jdk-17\bin\nio.dll
0x00007fff55010000 - 0x00007fff55020000 	C:\Program Files\Java\jdk-17\bin\verify.dll
0x00007fff41720000 - 0x00007fff41747000 	C:\Users\sanja\.gradle\native\c067742578af261105cb4f569cf0c3c89f3d7b1fecec35dd04571415982c5e48\windows-amd64\native-platform.dll
0x00007fff14f40000 - 0x00007fff15084000 	C:\Users\sanja\.gradle\native\100fb08df4bc3b14c8652ba06237920a3bd2aa13389f12d3474272988ae205f9\windows-amd64\native-platform-file-events.dll
0x00007fff537d0000 - 0x00007fff537da000 	C:\Program Files\Java\jdk-17\bin\management.dll
0x00007fff53790000 - 0x00007fff5379b000 	C:\Program Files\Java\jdk-17\bin\management_ext.dll
0x00007fff75420000 - 0x00007fff7543b000 	C:\Windows\SYSTEM32\CRYPTSP.dll
0x00007fff749c0000 - 0x00007fff749f9000 	C:\Windows\system32\rsaenh.dll
0x00007fff750b0000 - 0x00007fff750e2000 	C:\Windows\SYSTEM32\USERENV.dll
0x00007fff75cb0000 - 0x00007fff75cda000 	C:\Windows\SYSTEM32\bcrypt.dll
0x00007fff75260000 - 0x00007fff7526c000 	C:\Windows\SYSTEM32\CRYPTBASE.dll
0x00007fff74410000 - 0x00007fff74443000 	C:\Windows\SYSTEM32\IPHLPAPI.DLL
0x00007fff77650000 - 0x00007fff7765a000 	C:\Windows\System32\NSI.dll
0x00007fff6f0b0000 - 0x00007fff6f0cd000 	C:\Windows\SYSTEM32\dhcpcsvc6.DLL
0x00007fff6f080000 - 0x00007fff6f0a5000 	C:\Windows\SYSTEM32\dhcpcsvc.DLL
0x00007fff744a0000 - 0x00007fff745f6000 	C:\Windows\SYSTEM32\DNSAPI.dll
0x00007fff74e10000 - 0x00007fff74e1d000 	C:\Windows\SYSTEM32\DSPARSE.dll
0x00007fff44330000 - 0x00007fff4433e000 	C:\Program Files\Java\jdk-17\bin\sunmscapi.dll
0x00007fff76350000 - 0x00007fff764c8000 	C:\Windows\System32\CRYPT32.dll
0x00007fff75590000 - 0x00007fff755c0000 	C:\Windows\SYSTEM32\ncrypt.dll
0x00007fff75540000 - 0x00007fff7557f000 	C:\Windows\SYSTEM32\NTASN1.dll
0x00007fff30f30000 - 0x00007fff30f38000 	C:\Windows\system32\wshunix.dll
0x00007fff6eea0000 - 0x00007fff6eeab000 	C:\Windows\System32\rasadhlp.dll
0x00007fff6f220000 - 0x00007fff6f2a6000 	C:\Windows\System32\fwpuclnt.dll

dbghelp: loaded successfully - version: 4.0.5 - missing functions: none
symbol engine: initialized successfully - sym options: 0x614 - pdb path: .;C:\Program Files\Java\jdk-17\bin;C:\Windows\SYSTEM32;C:\Windows\WinSxS\amd64_microsoft.windows.common-controls_6595b64144ccf1df_6.0.26100.8875_none_3e0d5d42e32fe9dd;C:\Program Files\Java\jdk-17\bin\server;C:\Users\sanja\.gradle\native\c067742578af261105cb4f569cf0c3c89f3d7b1fecec35dd04571415982c5e48\windows-amd64;C:\Users\sanja\.gradle\native\100fb08df4bc3b14c8652ba06237920a3bd2aa13389f12d3474272988ae205f9\windows-amd64

VM Arguments:
jvm_args: --add-opens=java.base/java.lang=ALL-UNNAMED --add-opens=java.base/java.lang.invoke=ALL-UNNAMED --add-opens=java.base/java.util=ALL-UNNAMED --add-opens=java.prefs/java.util.prefs=ALL-UNNAMED --add-exports=jdk.compiler/com.sun.tools.javac.api=ALL-UNNAMED --add-exports=jdk.compiler/com.sun.tools.javac.util=ALL-UNNAMED --add-opens=java.base/java.util=ALL-UNNAMED --add-opens=java.prefs/java.util.prefs=ALL-UNNAMED --add-opens=java.base/java.nio.charset=ALL-UNNAMED --add-opens=java.base/java.net=ALL-UNNAMED --add-opens=java.base/java.util.concurrent.atomic=ALL-UNNAMED --add-opens=java.xml/javax.xml.namespace=ALL-UNNAMED -XX:+UseParallelGC -Xmx4096m -Dfile.encoding=UTF-8 -Duser.country=US -Duser.language=en -Duser.variant -javaagent:C:\Users\sanja\AppData\Local\Temp\gradle-8.11.1\gradle-8.11.1\lib\agents\gradle-instrumentation-agent-8.11.1.jar 
java_command: org.gradle.launcher.daemon.bootstrap.GradleDaemon 8.11.1
java_class_path (initial): C:\Users\sanja\AppData\Local\Temp\gradle-8.11.1\gradle-8.11.1\lib\gradle-daemon-main-8.11.1.jar
Launcher Type: SUN_STANDARD

[Global flags]
     intx CICompilerCount                          = 4                                         {product} {ergonomic}
   size_t InitialHeapSize                          = 130023424                                 {product} {ergonomic}
   size_t MaxHeapSize                              = 4294967296                                {product} {command line}
   size_t MaxNewSize                               = 1431306240                                {product} {ergonomic}
   size_t MinHeapDeltaBytes                        = 524288                                    {product} {ergonomic}
   size_t MinHeapSize                              = 8388608                                   {product} {ergonomic}
   size_t NewSize                                  = 42991616                                  {product} {ergonomic}
    uintx NonNMethodCodeHeapSize                   = 5839372                                {pd product} {ergonomic}
    uintx NonProfiledCodeHeapSize                  = 122909434                              {pd product} {ergonomic}
   size_t OldSize                                  = 87031808                                  {product} {ergonomic}
    uintx ProfiledCodeHeapSize                     = 122909434                              {pd product} {ergonomic}
    uintx ReservedCodeCacheSize                    = 251658240                              {pd product} {ergonomic}
     bool SegmentedCodeCache                       = true                                      {product} {ergonomic}
   size_t SoftMaxHeapSize                          = 4294967296                             {manageable} {ergonomic}
     bool UseCompressedClassPointers               = true                           {product lp64_product} {ergonomic}
     bool UseCompressedOops                        = true                           {product lp64_product} {ergonomic}
     bool UseLargePagesIndividualAllocation        = false                                  {pd product} {ergonomic}
     bool UseParallelGC                            = true                                      {product} {command line}

Logging:
Log output configuration:
 #0: stdout all=warning uptime,level,tags
 #1: stderr all=off uptime,level,tags

Environment Variables:
CLASSPATH=C:\Users\sanja\AppData\Local\Temp\gradle-8.11.1\gradle-8.11.1\lib\gradle-gradle-cli-main-8.11.1.jar
PATH=C:\Program Files\Common Files\Oracle\Java\javapath;C:\Windows\system32;C:\Windows;C:\Windows\System32\Wbem;C:\Windows\System32\WindowsPowerShell\v1.0\;C:\Windows\System32\OpenSSH\;C:\Program Files\dotnet\;C:\Program Files\Java\jdk-17\bin;C:\src\flutter\bin;C:\Program Files\Git\cmd;C:\Program Files\nodejs\;C:\Program Files\Docker\Docker\resources\bin;C:\Users\sanja\.local\bin;C:\Users\sanja\AppData\Local\Microsoft\WindowsApps;C:\Users\sanja\AppData\Local\Programs\Microsoft VS Code\bin;C:\Users\sanja\AppData\Roaming\npm;C:\Program Files\nodejs;C:\Users\sanja\AppData\Local\Python\bin;C:\Users\sanja\AppData\Local\Microsoft\WinGet\Links;C:\Program Files\JetBrains\PyCharm 2026.2.0.1\bin
USERNAME=sanja
OS=Windows_NT
PROCESSOR_IDENTIFIER=Intel64 Family 6 Model 140 Stepping 1, GenuineIntel



---------------  S Y S T E M  ---------------

OS:
 Windows 11 , 64 bit Build 26100 (10.0.26100.8875)
OS uptime: 26 days 17:29 hours
Hyper-V role detected

CPU: total 8 (initial active 8) (4 cores per cpu, 2 threads per core) family 6 model 140 stepping 1 microcode 0xbe, cx8, cmov, fxsr, ht, mmx, 3dnowpref, sse, sse2, sse3, ssse3, sse4.1, sse4.2, popcnt, lzcnt, tsc, tscinvbit, avx, avx2, aes, erms, clmul, bmi1, bmi2, adx, avx512f, avx512dq, avx512cd, avx512bw, avx512vl, sha, fma, vzeroupper, avx512_vpopcntdq, avx512_vpclmulqdq, avx512_vaes, avx512_vnni, clflush, clflushopt, clwb, avx512_vbmi2, avx512_vbmi, hv

Memory: 4k page, system-wide physical 7914M (555M free)
TotalPageFile size 32490M (AvailPageFile size 33M)
current process WorkingSet (physical memory assigned to process): 503M, peak: 534M
current process commit charge ("private bytes"): 675M, peak: 687M

vm_info: Java HotSpot(TM) 64-Bit Server VM (17.0.12+8-LTS-286) for windows-amd64 JRE (17.0.12+8-LTS-286), built on Jun  5 2024 06:46:59 by "mach5one" with MS VC++ 17.6 (VS2022)

END.
