#
# There is insufficient memory for the Java Runtime Environment to continue.
# Native memory allocation (malloc) failed to allocate 1115504 bytes for Chunk::new
# Possible reasons:
#   The system is out of physical RAM or swap space
#   The process is running with CompressedOops enabled, and the Java Heap may be blocking the growth of the native heap
# Possible solutions:
#   Reduce memory load on the system
#   Increase physical memory or swap space
#   Check if swap backing store is full
#   Decrease Java heap size (-Xmx/-Xms)
#   Decrease number of Java threads
#   Decrease Java thread stack sizes (-Xss)
#   Set larger code cache with -XX:ReservedCodeCacheSize=
#   JVM is running with Zero Based Compressed Oops mode in which the Java heap is
#     placed in the first 32GB address space. The Java Heap base address is the
#     maximum limit for the native heap growth. Please use -XX:HeapBaseMinAddress
#     to set the Java Heap base and to place the Java Heap above 32GB virtual address.
# This output file may be truncated or incomplete.
#
#  Out of Memory Error (arena.cpp:189), pid=27148, tid=29432
#
# JRE version: Java(TM) SE Runtime Environment (17.0.12+8) (build 17.0.12+8-LTS-286)
# Java VM: Java HotSpot(TM) 64-Bit Server VM (17.0.12+8-LTS-286, mixed mode, sharing, tiered, compressed oops, compressed class ptrs, parallel gc, windows-amd64)
# No core dump will be written. Minidumps are not enabled by default on client versions of Windows
#

---------------  S U M M A R Y ------------

Command Line: --add-opens=java.base/java.lang=ALL-UNNAMED --add-opens=java.base/java.lang.invoke=ALL-UNNAMED --add-opens=java.base/java.util=ALL-UNNAMED --add-opens=java.prefs/java.util.prefs=ALL-UNNAMED --add-exports=jdk.compiler/com.sun.tools.javac.api=ALL-UNNAMED --add-exports=jdk.compiler/com.sun.tools.javac.util=ALL-UNNAMED --add-opens=java.base/java.util=ALL-UNNAMED --add-opens=java.prefs/java.util.prefs=ALL-UNNAMED --add-opens=java.base/java.nio.charset=ALL-UNNAMED --add-opens=java.base/java.net=ALL-UNNAMED --add-opens=java.base/java.util.concurrent.atomic=ALL-UNNAMED --add-opens=java.xml/javax.xml.namespace=ALL-UNNAMED -XX:+UseParallelGC -Xmx4096m -Dfile.encoding=UTF-8 -Duser.country=US -Duser.language=en -Duser.variant -javaagent:C:\Users\sanja\AppData\Local\Temp\gradle-8.11.1\gradle-8.11.1\lib\agents\gradle-instrumentation-agent-8.11.1.jar org.gradle.launcher.daemon.bootstrap.GradleDaemon 8.11.1

Host: 11th Gen Intel(R) Core(TM) i5-1145G7 @ 2.60GHz, 8 cores, 7G,  Windows 11 , 64 bit Build 26100 (10.0.26100.8875)
Time: Sun Aug 16 23:37:07 2026 India Standard Time elapsed time: 57.921465 seconds (0d 0h 0m 57s)

---------------  T H R E A D  ---------------

Current thread (0x000001687e31a060):  JavaThread "C2 CompilerThread2" daemon [_thread_in_native, id=29432, stack(0x00000018afa00000,0x00000018afb00000)]


Current CompileTask:
C2:  57922 10670       4       org.objectweb.asm.ClassReader::readMethod (1070 bytes)

Stack: [0x00000018afa00000,0x00000018afb00000]
Native frames: (J=compiled Java code, j=interpreted, Vv=VM code, C=native code)
V  [jvm.dll+0x67a04a]
V  [jvm.dll+0x7da4ed]
V  [jvm.dll+0x7dbe33]
V  [jvm.dll+0x7dc4a3]
V  [jvm.dll+0x24508f]
V  [jvm.dll+0xab773]
V  [jvm.dll+0xabd3c]
V  [jvm.dll+0x361bee]
V  [jvm.dll+0x1ba64a]
V  [jvm.dll+0x216997]
V  [jvm.dll+0x215c6f]
V  [jvm.dll+0x1a2960]
V  [jvm.dll+0x22610b]
V  [jvm.dll+0x2242ab]
V  [jvm.dll+0x79075c]
V  [jvm.dll+0x78abea]
V  [jvm.dll+0x678f35]
C  [ucrtbase.dll+0x2cd30]
C  [KERNEL32.DLL+0x2e957]
C  [ntdll.dll+0xaad6c]


---------------  P R O C E S S  ---------------

Threads class SMR info:
_java_thread_list=0x000001687f5f5e60, length=56, elements={
0x00000168165d3f30, 0x00000168771b9d60, 0x00000168771bbb40, 0x00000168771cfb00,
0x00000168771d25e0, 0x00000168771d5b40, 0x00000168771f7730, 0x00000168771fa1b0,
0x00000168771fc370, 0x00000168771fd420, 0x0000016816693470, 0x000001687d2008b0,
0x000001687d641d60, 0x000001687f042000, 0x000001687d5326e0, 0x000001687d187f90,
0x000001687d187060, 0x000001687d18a300, 0x000001687d18a810, 0x000001687d1893d0,
0x000001687d187570, 0x000001687d1884a0, 0x000001687d1898e0, 0x000001687d188ec0,
0x000001687d1889b0, 0x000001687d187a80, 0x000001687d189df0, 0x000001687e019ac0,
0x000001687e01a4e0, 0x000001687e01af00, 0x000001687e01a9f0, 0x000001687e01b410,
0x000001687e019fd0, 0x000001687e01c340, 0x000001687e01c850, 0x000001687e01cd60,
0x000001687e01be30, 0x000001687e0195b0, 0x000001687e01f0d0, 0x000001687e01faf0,
0x000001687e01d270, 0x000001687e01e1a0, 0x000001687e01e6b0, 0x000001687e020f30,
0x000001687e01d780, 0x000001687e01ebc0, 0x000001687e01f5e0, 0x000001687e31b050,
0x000001680197c2a0, 0x000001680197a440, 0x000001680197a950, 0x000001680197ae60,
0x000001680197c7b0, 0x000001680197b370, 0x000001680197b880, 0x000001687e31a060
}

Java Threads: ( => current thread )
  0x00000168165d3f30 JavaThread "main" [_thread_blocked, id=27860, stack(0x00000018ab600000,0x00000018ab700000)]
  0x00000168771b9d60 JavaThread "Reference Handler" daemon [_thread_blocked, id=21832, stack(0x00000018ab900000,0x00000018aba00000)]
  0x00000168771bbb40 JavaThread "Finalizer" daemon [_thread_blocked, id=14636, stack(0x00000018aba00000,0x00000018abb00000)]
  0x00000168771cfb00 JavaThread "Signal Dispatcher" daemon [_thread_blocked, id=15540, stack(0x00000018abb00000,0x00000018abc00000)]
  0x00000168771d25e0 JavaThread "Attach Listener" daemon [_thread_blocked, id=34588, stack(0x00000018abc00000,0x00000018abd00000)]
  0x00000168771d5b40 JavaThread "Service Thread" daemon [_thread_blocked, id=32528, stack(0x00000018abd00000,0x00000018abe00000)]
  0x00000168771f7730 JavaThread "Monitor Deflation Thread" daemon [_thread_blocked, id=26572, stack(0x00000018abe00000,0x00000018abf00000)]
  0x00000168771fa1b0 JavaThread "C2 CompilerThread0" daemon [_thread_in_native, id=14452, stack(0x00000018abf00000,0x00000018ac000000)]
  0x00000168771fc370 JavaThread "C1 CompilerThread0" daemon [_thread_blocked, id=18524, stack(0x00000018ac000000,0x00000018ac100000)]
  0x00000168771fd420 JavaThread "Sweeper thread" daemon [_thread_blocked, id=22480, stack(0x00000018ac100000,0x00000018ac200000)]
  0x0000016816693470 JavaThread "Common-Cleaner" daemon [_thread_blocked, id=11304, stack(0x00000018ac200000,0x00000018ac300000)]
  0x000001687d2008b0 JavaThread "Notification Thread" daemon [_thread_blocked, id=12996, stack(0x00000018ac300000,0x00000018ac400000)]
  0x000001687d641d60 JavaThread "Daemon health stats" [_thread_blocked, id=732, stack(0x00000018aca00000,0x00000018acb00000)]
  0x000001687f042000 JavaThread "Incoming local TCP Connector on port 50368" [_thread_in_native, id=26748, stack(0x00000018ac900000,0x00000018aca00000)]
  0x000001687d5326e0 JavaThread "Daemon periodic checks" [_thread_blocked, id=44580, stack(0x00000018acb00000,0x00000018acc00000)]
  0x000001687d187f90 JavaThread "Daemon" [_thread_blocked, id=40692, stack(0x00000018acc00000,0x00000018acd00000)]
  0x000001687d187060 JavaThread "Handler for socket connection from /127.0.0.1:50368 to /127.0.0.1:50369" [_thread_in_native, id=16992, stack(0x00000018acd00000,0x00000018ace00000)]
  0x000001687d18a300 JavaThread "Cancel handler" [_thread_blocked, id=31808, stack(0x00000018ace00000,0x00000018acf00000)]
  0x000001687d18a810 JavaThread "Daemon worker" [_thread_in_native, id=27768, stack(0x00000018acf00000,0x00000018ad000000)]
  0x000001687d1893d0 JavaThread "Asynchronous log dispatcher for DefaultDaemonConnection: socket connection from /127.0.0.1:50368 to /127.0.0.1:50369" [_thread_blocked, id=41160, stack(0x00000018ad000000,0x00000018ad100000)]
  0x000001687d187570 JavaThread "Stdin handler" [_thread_blocked, id=8704, stack(0x00000018ad100000,0x00000018ad200000)]
  0x000001687d1884a0 JavaThread "Daemon client event forwarder" [_thread_blocked, id=9944, stack(0x00000018ad200000,0x00000018ad300000)]
  0x000001687d1898e0 JavaThread "Cache worker for journal cache (C:\Users\sanja\.gradle\caches\journal-1)" [_thread_blocked, id=16432, stack(0x00000018ad600000,0x00000018ad700000)]
  0x000001687d188ec0 JavaThread "File lock request listener" [_thread_in_native, id=5528, stack(0x00000018ad700000,0x00000018ad800000)]
  0x000001687d1889b0 JavaThread "Cache worker for file hash cache (C:\Users\sanja\.gradle\caches\8.11.1\fileHashes)" [_thread_blocked, id=39104, stack(0x00000018ad900000,0x00000018ada00000)]
  0x000001687d187a80 JavaThread "Cache worker for file content cache (C:\Users\sanja\.gradle\caches\8.11.1\fileContent)" [_thread_blocked, id=37620, stack(0x00000018ada00000,0x00000018adb00000)]
  0x000001687d189df0 JavaThread "Cache worker for file hash cache (C:\Projects\my_shop\.gradle\8.11.1\fileHashes)" [_thread_blocked, id=15768, stack(0x00000018adb00000,0x00000018adc00000)]
  0x000001687e019ac0 JavaThread "Cache worker for Build Output Cleanup Cache (C:\Projects\my_shop\.gradle\buildOutputCleanup)" [_thread_blocked, id=7508, stack(0x00000018adc00000,0x00000018add00000)]
  0x000001687e01a4e0 JavaThread "File watcher server" daemon [_thread_in_native, id=36712, stack(0x00000018ad800000,0x00000018ad900000)]
  0x000001687e01af00 JavaThread "File watcher consumer" daemon [_thread_blocked, id=37264, stack(0x00000018add00000,0x00000018ade00000)]
  0x000001687e01a9f0 JavaThread "Cache worker for checksums cache (C:\Projects\my_shop\.gradle\8.11.1\checksums)" [_thread_blocked, id=44040, stack(0x00000018ade00000,0x00000018adf00000)]
  0x000001687e01b410 JavaThread "Cache worker for cache directory md-rule (C:\Users\sanja\.gradle\caches\8.11.1\md-rule)" [_thread_blocked, id=44688, stack(0x00000018ae000000,0x00000018ae100000)]
  0x000001687e019fd0 JavaThread "Cache worker for cache directory md-supplier (C:\Users\sanja\.gradle\caches\8.11.1\md-supplier)" [_thread_blocked, id=2068, stack(0x00000018ae100000,0x00000018ae200000)]
  0x000001687e01c340 JavaThread "Unconstrained build operations" [_thread_blocked, id=2164, stack(0x00000018ae200000,0x00000018ae300000)]
  0x000001687e01c850 JavaThread "Unconstrained build operations Thread 2" [_thread_blocked, id=31564, stack(0x00000018ae300000,0x00000018ae400000)]
  0x000001687e01cd60 JavaThread "Unconstrained build operations Thread 3" [_thread_blocked, id=35656, stack(0x00000018ae400000,0x00000018ae500000)]
  0x000001687e01be30 JavaThread "Unconstrained build operations Thread 4" [_thread_blocked, id=21224, stack(0x00000018ae500000,0x00000018ae600000)]
  0x000001687e0195b0 JavaThread "Unconstrained build operations Thread 5" [_thread_blocked, id=36260, stack(0x00000018ae600000,0x00000018ae700000)]
  0x000001687e01f0d0 JavaThread "Unconstrained build operations Thread 6" [_thread_blocked, id=29824, stack(0x00000018ae700000,0x00000018ae800000)]
  0x000001687e01faf0 JavaThread "Unconstrained build operations Thread 7" [_thread_blocked, id=22272, stack(0x00000018ae800000,0x00000018ae900000)]
  0x000001687e01d270 JavaThread "Unconstrained build operations Thread 8" [_thread_blocked, id=35048, stack(0x00000018aea00000,0x00000018aeb00000)]
  0x000001687e01e1a0 JavaThread "Unconstrained build operations Thread 9" [_thread_blocked, id=20052, stack(0x00000018aeb00000,0x00000018aec00000)]
  0x000001687e01e6b0 JavaThread "Unconstrained build operations Thread 10" [_thread_blocked, id=36868, stack(0x00000018aec00000,0x00000018aed00000)]
  0x000001687e020f30 JavaThread "Unconstrained build operations Thread 11" [_thread_blocked, id=15116, stack(0x00000018aed00000,0x00000018aee00000)]
  0x000001687e01d780 JavaThread "Unconstrained build operations Thread 12" [_thread_blocked, id=40940, stack(0x00000018aee00000,0x00000018aef00000)]
  0x000001687e01ebc0 JavaThread "Unconstrained build operations Thread 13" [_thread_blocked, id=14312, stack(0x00000018aef00000,0x00000018af000000)]
  0x000001687e01f5e0 JavaThread "Unconstrained build operations Thread 14" [_thread_blocked, id=12096, stack(0x00000018af000000,0x00000018af100000)]
  0x000001687e31b050 JavaThread "C2 CompilerThread1" daemon [_thread_in_native, id=35708, stack(0x00000018adf00000,0x00000018ae000000)]
  0x000001680197c2a0 JavaThread "Unconstrained build operations Thread 15" [_thread_in_vm, id=36544, stack(0x00000018af100000,0x00000018af200000)]
  0x000001680197a440 JavaThread "Unconstrained build operations Thread 16" [_thread_blocked, id=22228, stack(0x00000018af200000,0x00000018af300000)]
  0x000001680197a950 JavaThread "Unconstrained build operations Thread 17" [_thread_in_Java, id=42232, stack(0x00000018af300000,0x00000018af400000)]
  0x000001680197ae60 JavaThread "Unconstrained build operations Thread 18" [_thread_in_Java, id=20236, stack(0x00000018af400000,0x00000018af500000)]
  0x000001680197c7b0 JavaThread "Unconstrained build operations Thread 19" [_thread_blocked, id=23796, stack(0x00000018af500000,0x00000018af600000)]
  0x000001680197b370 JavaThread "Unconstrained build operations Thread 20" [_thread_in_Java, id=11248, stack(0x00000018af600000,0x00000018af700000)]
  0x000001680197b880 JavaThread "Unconstrained build operations Thread 21" [_thread_blocked, id=32704, stack(0x00000018af700000,0x00000018af800000)]
=>0x000001687e31a060 JavaThread "C2 CompilerThread2" daemon [_thread_in_native, id=29432, stack(0x00000018afa00000,0x00000018afb00000)]

Other Threads:
  0x00000168771b43f0 VMThread "VM Thread" [stack: 0x00000018ab800000,0x00000018ab900000] [id=28464]
  0x000001687d1c69b0 WatcherThread [stack: 0x00000018ac400000,0x00000018ac500000] [id=2300]
  0x00000168165eb260 GCTaskThread "GC Thread#0" [stack: 0x00000018ab700000,0x00000018ab800000] [id=24664]
  0x000001687dba6440 GCTaskThread "GC Thread#1" [stack: 0x00000018ac600000,0x00000018ac700000] [id=42540]
  0x000001687dc12090 GCTaskThread "GC Thread#2" [stack: 0x00000018ac700000,0x00000018ac800000] [id=24904]
  0x000001687dc12350 GCTaskThread "GC Thread#3" [stack: 0x00000018ac800000,0x00000018ac900000] [id=43192]
  0x000001687d31d810 GCTaskThread "GC Thread#4" [stack: 0x00000018ac500000,0x00000018ac600000] [id=27604]
  0x000001687edadd20 GCTaskThread "GC Thread#5" [stack: 0x00000018ad300000,0x00000018ad400000] [id=24672]
  0x000001687ebeee30 GCTaskThread "GC Thread#6" [stack: 0x00000018ad400000,0x00000018ad500000] [id=13144]
  0x000001687d623710 GCTaskThread "GC Thread#7" [stack: 0x00000018ad500000,0x00000018ad600000] [id=29660]

Threads with active compile tasks:
C2 CompilerThread0    60989 10673       4       org.objectweb.asm.ClassWriter::toByteArray (1535 bytes)
C2 CompilerThread1    60989 10747       4       org.objectweb.asm.AnnotationWriter::visit (935 bytes)
C2 CompilerThread2    60989 10670       4       org.objectweb.asm.ClassReader::readMethod (1070 bytes)

VM state: not at safepoint (normal execution)

VM Mutex/Monitor currently owned by a thread: None

Heap address: 0x0000000700000000, size: 4096 MB, Compressed Oops mode: Zero based, Oop shift amount: 3

CDS archive(s) mapped at: [0x0000016836000000-0x0000016836bd0000-0x0000016836bd0000), size 12386304, SharedBaseAddress: 0x0000016836000000, ArchiveRelocationMode: 1.
Compressed class space mapped at: 0x0000016837000000-0x0000016877000000, reserved size: 1073741824
Narrow klass base: 0x0000016836000000, Narrow klass shift: 0, Narrow klass range: 0x100000000

GC Precious Log:
 CPUs: 8 total, 8 available
 Memory: 7914M
 Large Page Support: Disabled
 NUMA Support: Disabled
 Compressed Oops: Enabled (Zero based)
 Alignments: Space 512K, Generation 512K, Heap 2M
 Heap Min Capacity: 8M
 Heap Initial Capacity: 124M
 Heap Max Capacity: 4G
 Pre-touch: Disabled
 Parallel Workers: 8

Heap:
 PSYoungGen      total 237056K, used 208814K [0x00000007aab00000, 0x00000007baf00000, 0x0000000800000000)
  eden space 220160K, 94% used [0x00000007aab00000,0x00000007b76ebaa8,0x00000007b8200000)
  from space 16896K, 0% used [0x00000007b9e00000,0x00000007b9e00000,0x00000007bae80000)
  to   space 23040K, 0% used [0x00000007b8200000,0x00000007b8200000,0x00000007b9880000)
 ParOldGen       total 114176K, used 101383K [0x0000000700000000, 0x0000000706f80000, 0x00000007aab00000)
  object space 114176K, 88% used [0x0000000700000000,0x0000000706301d78,0x0000000706f80000)
 Metaspace       used 60792K, committed 61312K, reserved 1114112K
  class space    used 8385K, committed 8640K, reserved 1048576K

Card table byte_map: [0x000001682ce90000,0x000001682d6a0000] _byte_map_base: 0x0000016829690000

Marking Bits: (ParMarkBitMap*) 0x00007ffeb6b22be0
 Begin Bits: [0x000001682d6a0000, 0x00000168316a0000)
 End Bits:   [0x00000168316a0000, 0x00000168356a0000)

Polling page: 0x00000168144c0000

Metaspace:

Usage:
  Non-class:     51.18 MB used.
      Class:      8.19 MB used.
       Both:     59.37 MB used.

Virtual space:
  Non-class space:       64.00 MB reserved,      51.44 MB ( 80%) committed,  1 nodes.
      Class space:        1.00 GB reserved,       8.44 MB ( <1%) committed,  1 nodes.
             Both:        1.06 GB reserved,      59.88 MB (  6%) committed. 

Chunk freelists:
   Non-Class:  12.12 MB
       Class:  7.58 MB
        Both:  19.70 MB

MaxMetaspaceSize: unlimited
CompressedClassSpaceSize: 1.00 GB
Initial GC threshold: 21.00 MB
Current GC threshold: 99.81 MB
CDS: on
MetaspaceReclaimPolicy: balanced
 - commit_granule_bytes: 65536.
 - commit_granule_words: 8192.
 - virtual_space_node_default_size: 8388608.
 - enlarge_chunks_in_place: 1.
 - new_chunks_are_fully_committed: 0.
 - uncommit_free_chunks: 1.
 - use_allocation_guard: 0.
 - handle_deallocations: 1.


Internal statistics:

num_allocs_failed_limit: 6.
num_arena_births: 742.
num_arena_deaths: 10.
num_vsnodes_births: 2.
num_vsnodes_deaths: 0.
num_space_committed: 958.
num_space_uncommitted: 0.
num_chunks_returned_to_freelist: 17.
num_chunks_taken_from_freelist: 3019.
num_chunk_merges: 8.
num_chunk_splits: 1995.
num_chunks_enlarged: 1356.
num_inconsistent_stats: 0.

CodeHeap 'non-profiled nmethods': size=120000Kb used=4997Kb max_used=4997Kb free=115003Kb
 bounds [0x0000016825960000, 0x0000016825e50000, 0x000001682ce90000]
CodeHeap 'profiled nmethods': size=120000Kb used=15808Kb max_used=15808Kb free=104191Kb
 bounds [0x000001681de90000, 0x000001681ee10000, 0x00000168253c0000]
CodeHeap 'non-nmethods': size=5760Kb used=1707Kb max_used=1805Kb free=4052Kb
 bounds [0x00000168253c0000, 0x0000016825630000, 0x0000016825960000]
 total_blobs=9694 nmethods=8914 adapters=694
 compilation: enabled
              stopped_count=0, restarted_count=0
 full_count=0

Compilation events (20 events):
Event: 54.911 Thread 0x00000168771fc370 nmethod 10755 0x000001681edd1690 code [0x000001681edd1840, 0x000001681edd19f8]
Event: 54.915 Thread 0x00000168771fc370 10756       2       org.gradle.api.internal.artifacts.transform.DefaultTransform$TransformServiceLookup::get (45 bytes)
Event: 54.915 Thread 0x00000168771fc370 nmethod 10756 0x000001681edd1b10 code [0x000001681edd1d40, 0x000001681edd2178]
Event: 54.915 Thread 0x00000168771fc370 10757       2       org.gradle.internal.isolated.IsolationScheme$ServicesForIsolatedObject::find (296 bytes)
Event: 54.916 Thread 0x00000168771fc370 nmethod 10757 0x000001681edd2410 code [0x000001681edd27c0, 0x000001681edd3548]
Event: 54.918 Thread 0x00000168771fc370 10758       2       com.google.common.reflect.TypeResolver$TypeMappingIntrospector::getTypeMappings (33 bytes)
Event: 54.919 Thread 0x00000168771fc370 nmethod 10758 0x000001681edd3b10 code [0x000001681edd3ce0, 0x000001681edd4208]
Event: 54.919 Thread 0x00000168771fc370 10759       2       com.google.common.reflect.TypeResolver$TypeTable::where (115 bytes)
Event: 54.920 Thread 0x00000168771fc370 nmethod 10759 0x000001681edd4410 code [0x000001681edd4660, 0x000001681edd4d78]
Event: 54.920 Thread 0x00000168771fc370 10760       2       org.gradle.api.internal.provider.EvaluationContext$PerThreadContext::pop (36 bytes)
Event: 54.920 Thread 0x00000168771fc370 nmethod 10760 0x000001681edd5110 code [0x000001681edd52c0, 0x000001681edd54a8]
Event: 54.924 Thread 0x00000168771fc370 10761       2       java.util.Collections::reverse (125 bytes)
Event: 54.924 Thread 0x00000168771fc370 nmethod 10761 0x000001681edd5590 code [0x000001681edd57a0, 0x000001681edd5b88]
Event: 54.926 Thread 0x00000168771fc370 10762       2       java.util.LinkedList::remove (77 bytes)
Event: 54.927 Thread 0x00000168771fc370 nmethod 10762 0x000001681edd5e10 code [0x000001681edd5fe0, 0x000001681edd62e8]
Event: 54.929 Thread 0x00000168771fc370 10763       2       java.util.Formatter$FormatSpecifier::print (59 bytes)
Event: 54.930 Thread 0x00000168771fc370 nmethod 10763 0x000001681edd6490 code [0x000001681edd6620, 0x000001681edd6768]
Event: 54.930 Thread 0x00000168771fc370 10764       2       java.util.Formatter$FormatSpecifier::print (409 bytes)
Event: 54.932 Thread 0x00000168771fc370 nmethod 10764 0x000001681edd6810 code [0x000001681edd6b20, 0x000001681edd7b38]
Event: 54.941 Thread 0x00000168771fc370 10765       2       org.gradle.api.internal.artifacts.transform.DefaultTransformOutputs$1::validate (128 bytes)

GC Heap History (20 events):
Event: 29.622 GC heap before
{Heap before GC invocations=29 (full 2):
 PSYoungGen      total 90624K, used 86853K [0x00000007aab00000, 0x00000007b0c00000, 0x0000000800000000)
  eden space 81920K, 100% used [0x00000007aab00000,0x00000007afb00000,0x00000007afb00000)
  from space 8704K, 56% used [0x00000007b0380000,0x00000007b0851598,0x00000007b0c00000)
  to   space 8704K, 0% used [0x00000007afb00000,0x00000007afb00000,0x00000007b0380000)
 ParOldGen       total 84992K, used 67996K [0x0000000700000000, 0x0000000705300000, 0x00000007aab00000)
  object space 84992K, 80% used [0x0000000700000000,0x0000000704267120,0x0000000705300000)
 Metaspace       used 58891K, committed 59456K, reserved 1114112K
  class space    used 8177K, committed 8448K, reserved 1048576K
}
Event: 29.639 GC heap after
{Heap after GC invocations=29 (full 2):
 PSYoungGen      total 90624K, used 4453K [0x00000007aab00000, 0x00000007b2b00000, 0x0000000800000000)
  eden space 81920K, 0% used [0x00000007aab00000,0x00000007aab00000,0x00000007afb00000)
  from space 8704K, 51% used [0x00000007afb00000,0x00000007aff59520,0x00000007b0380000)
  to   space 8192K, 0% used [0x00000007b2300000,0x00000007b2300000,0x00000007b2b00000)
 ParOldGen       total 84992K, used 72538K [0x0000000700000000, 0x0000000705300000, 0x00000007aab00000)
  object space 84992K, 85% used [0x0000000700000000,0x00000007046d6a18,0x0000000705300000)
 Metaspace       used 58891K, committed 59456K, reserved 1114112K
  class space    used 8177K, committed 8448K, reserved 1048576K
}
Event: 30.062 GC heap before
{Heap before GC invocations=30 (full 2):
 PSYoungGen      total 90624K, used 86373K [0x00000007aab00000, 0x00000007b2b00000, 0x0000000800000000)
  eden space 81920K, 100% used [0x00000007aab00000,0x00000007afb00000,0x00000007afb00000)
  from space 8704K, 51% used [0x00000007afb00000,0x00000007aff59520,0x00000007b0380000)
  to   space 8192K, 0% used [0x00000007b2300000,0x00000007b2300000,0x00000007b2b00000)
 ParOldGen       total 84992K, used 72553K [0x0000000700000000, 0x0000000705300000, 0x00000007aab00000)
  object space 84992K, 85% used [0x0000000700000000,0x00000007046da448,0x0000000705300000)
 Metaspace       used 58939K, committed 59520K, reserved 1114112K
  class space    used 8177K, committed 8448K, reserved 1048576K
}
Event: 30.079 GC heap after
{Heap after GC invocations=30 (full 2):
 PSYoungGen      total 122368K, used 6696K [0x00000007aab00000, 0x00000007b2c00000, 0x0000000800000000)
  eden space 114176K, 0% used [0x00000007aab00000,0x00000007aab00000,0x00000007b1a80000)
  from space 8192K, 81% used [0x00000007b2300000,0x00000007b298a228,0x00000007b2b00000)
  to   space 8704K, 0% used [0x00000007b1a80000,0x00000007b1a80000,0x00000007b2300000)
 ParOldGen       total 84992K, used 75714K [0x0000000700000000, 0x0000000705300000, 0x00000007aab00000)
  object space 84992K, 89% used [0x0000000700000000,0x00000007049f0998,0x0000000705300000)
 Metaspace       used 58939K, committed 59520K, reserved 1114112K
  class space    used 8177K, committed 8448K, reserved 1048576K
}
Event: 30.954 GC heap before
{Heap before GC invocations=31 (full 2):
 PSYoungGen      total 122368K, used 120872K [0x00000007aab00000, 0x00000007b2c00000, 0x0000000800000000)
  eden space 114176K, 100% used [0x00000007aab00000,0x00000007b1a80000,0x00000007b1a80000)
  from space 8192K, 81% used [0x00000007b2300000,0x00000007b298a228,0x00000007b2b00000)
  to   space 8704K, 0% used [0x00000007b1a80000,0x00000007b1a80000,0x00000007b2300000)
 ParOldGen       total 84992K, used 75714K [0x0000000700000000, 0x0000000705300000, 0x00000007aab00000)
  object space 84992K, 89% used [0x0000000700000000,0x00000007049f0998,0x0000000705300000)
 Metaspace       used 58954K, committed 59520K, reserved 1114112K
  class space    used 8177K, committed 8448K, reserved 1048576K
}
Event: 30.974 GC heap after
{Heap after GC invocations=31 (full 2):
 PSYoungGen      total 122880K, used 4576K [0x00000007aab00000, 0x00000007b5880000, 0x0000000800000000)
  eden space 114176K, 0% used [0x00000007aab00000,0x00000007aab00000,0x00000007b1a80000)
  from space 8704K, 52% used [0x00000007b1a80000,0x00000007b1ef8000,0x00000007b2300000)
  to   space 8704K, 0% used [0x00000007b5000000,0x00000007b5000000,0x00000007b5880000)
 ParOldGen       total 84992K, used 81554K [0x0000000700000000, 0x0000000705300000, 0x00000007aab00000)
  object space 84992K, 95% used [0x0000000700000000,0x0000000704fa4998,0x0000000705300000)
 Metaspace       used 58954K, committed 59520K, reserved 1114112K
  class space    used 8177K, committed 8448K, reserved 1048576K
}
Event: 30.974 GC heap before
{Heap before GC invocations=32 (full 3):
 PSYoungGen      total 122880K, used 4576K [0x00000007aab00000, 0x00000007b5880000, 0x0000000800000000)
  eden space 114176K, 0% used [0x00000007aab00000,0x00000007aab00000,0x00000007b1a80000)
  from space 8704K, 52% used [0x00000007b1a80000,0x00000007b1ef8000,0x00000007b2300000)
  to   space 8704K, 0% used [0x00000007b5000000,0x00000007b5000000,0x00000007b5880000)
 ParOldGen       total 84992K, used 81554K [0x0000000700000000, 0x0000000705300000, 0x00000007aab00000)
  object space 84992K, 95% used [0x0000000700000000,0x0000000704fa4998,0x0000000705300000)
 Metaspace       used 58954K, committed 59520K, reserved 1114112K
  class space    used 8177K, committed 8448K, reserved 1048576K
}
Event: 31.201 GC heap after
{Heap after GC invocations=32 (full 3):
 PSYoungGen      total 146944K, used 0K [0x00000007aab00000, 0x00000007b5080000, 0x0000000800000000)
  eden space 146432K, 0% used [0x00000007aab00000,0x00000007aab00000,0x00000007b3a00000)
  from space 512K, 0% used [0x00000007b5000000,0x00000007b5000000,0x00000007b5080000)
  to   space 8704K, 0% used [0x00000007b3f80000,0x00000007b3f80000,0x00000007b4800000)
 ParOldGen       total 114176K, used 65625K [0x0000000700000000, 0x0000000706f80000, 0x00000007aab00000)
  object space 114176K, 57% used [0x0000000700000000,0x00000007040166a8,0x0000000706f80000)
 Metaspace       used 58951K, committed 59520K, reserved 1114112K
  class space    used 8176K, committed 8448K, reserved 1048576K
}
Event: 31.976 GC heap before
{Heap before GC invocations=33 (full 3):
 PSYoungGen      total 146944K, used 146432K [0x00000007aab00000, 0x00000007b5080000, 0x0000000800000000)
  eden space 146432K, 100% used [0x00000007aab00000,0x00000007b3a00000,0x00000007b3a00000)
  from space 512K, 0% used [0x00000007b5000000,0x00000007b5000000,0x00000007b5080000)
  to   space 8704K, 0% used [0x00000007b3f80000,0x00000007b3f80000,0x00000007b4800000)
 ParOldGen       total 114176K, used 65625K [0x0000000700000000, 0x0000000706f80000, 0x00000007aab00000)
  object space 114176K, 57% used [0x0000000700000000,0x00000007040166a8,0x0000000706f80000)
 Metaspace       used 58951K, committed 59520K, reserved 1114112K
  class space    used 8176K, committed 8448K, reserved 1048576K
}
Event: 31.979 GC heap after
{Heap after GC invocations=33 (full 3):
 PSYoungGen      total 160768K, used 2976K [0x00000007aab00000, 0x00000007b6f00000, 0x0000000800000000)
  eden space 152064K, 0% used [0x00000007aab00000,0x00000007aab00000,0x00000007b3f80000)
  from space 8704K, 34% used [0x00000007b3f80000,0x00000007b4268000,0x00000007b4800000)
  to   space 8192K, 0% used [0x00000007b6700000,0x00000007b6700000,0x00000007b6f00000)
 ParOldGen       total 114176K, used 65625K [0x0000000700000000, 0x0000000706f80000, 0x00000007aab00000)
  object space 114176K, 57% used [0x0000000700000000,0x00000007040166a8,0x0000000706f80000)
 Metaspace       used 58951K, committed 59520K, reserved 1114112K
  class space    used 8176K, committed 8448K, reserved 1048576K
}
Event: 32.603 GC heap before
{Heap before GC invocations=34 (full 3):
 PSYoungGen      total 160768K, used 155040K [0x00000007aab00000, 0x00000007b6f00000, 0x0000000800000000)
  eden space 152064K, 100% used [0x00000007aab00000,0x00000007b3f80000,0x00000007b3f80000)
  from space 8704K, 34% used [0x00000007b3f80000,0x00000007b4268000,0x00000007b4800000)
  to   space 8192K, 0% used [0x00000007b6700000,0x00000007b6700000,0x00000007b6f00000)
 ParOldGen       total 114176K, used 65625K [0x0000000700000000, 0x0000000706f80000, 0x00000007aab00000)
  object space 114176K, 57% used [0x0000000700000000,0x00000007040166a8,0x0000000706f80000)
 Metaspace       used 58951K, committed 59520K, reserved 1114112K
  class space    used 8176K, committed 8448K, reserved 1048576K
}
Event: 32.610 GC heap after
{Heap after GC invocations=34 (full 3):
 PSYoungGen      total 192512K, used 2752K [0x00000007aab00000, 0x00000007b7400000, 0x0000000800000000)
  eden space 184320K, 0% used [0x00000007aab00000,0x00000007aab00000,0x00000007b5f00000)
  from space 8192K, 33% used [0x00000007b6700000,0x00000007b69b0000,0x00000007b6f00000)
  to   space 8192K, 0% used [0x00000007b5f00000,0x00000007b5f00000,0x00000007b6700000)
 ParOldGen       total 114176K, used 68537K [0x0000000700000000, 0x0000000706f80000, 0x00000007aab00000)
  object space 114176K, 60% used [0x0000000700000000,0x00000007042ee6a8,0x0000000706f80000)
 Metaspace       used 58951K, committed 59520K, reserved 1114112K
  class space    used 8176K, committed 8448K, reserved 1048576K
}
Event: 33.920 GC heap before
{Heap before GC invocations=35 (full 3):
 PSYoungGen      total 192512K, used 187072K [0x00000007aab00000, 0x00000007b7400000, 0x0000000800000000)
  eden space 184320K, 100% used [0x00000007aab00000,0x00000007b5f00000,0x00000007b5f00000)
  from space 8192K, 33% used [0x00000007b6700000,0x00000007b69b0000,0x00000007b6f00000)
  to   space 8192K, 0% used [0x00000007b5f00000,0x00000007b5f00000,0x00000007b6700000)
 ParOldGen       total 114176K, used 68537K [0x0000000700000000, 0x0000000706f80000, 0x00000007aab00000)
  object space 114176K, 60% used [0x0000000700000000,0x00000007042ee6a8,0x0000000706f80000)
 Metaspace       used 59133K, committed 59648K, reserved 1114112K
  class space    used 8210K, committed 8448K, reserved 1048576K
}
Event: 33.965 GC heap after
{Heap after GC invocations=35 (full 3):
 PSYoungGen      total 192512K, used 8160K [0x00000007aab00000, 0x00000007bae80000, 0x0000000800000000)
  eden space 184320K, 0% used [0x00000007aab00000,0x00000007aab00000,0x00000007b5f00000)
  from space 8192K, 99% used [0x00000007b5f00000,0x00000007b66f8040,0x00000007b6700000)
  to   space 16896K, 0% used [0x00000007b9e00000,0x00000007b9e00000,0x00000007bae80000)
 ParOldGen       total 114176K, used 89213K [0x0000000700000000, 0x0000000706f80000, 0x00000007aab00000)
  object space 114176K, 78% used [0x0000000700000000,0x000000070571f768,0x0000000706f80000)
 Metaspace       used 59133K, committed 59648K, reserved 1114112K
  class space    used 8210K, committed 8448K, reserved 1048576K
}
Event: 36.076 GC heap before
{Heap before GC invocations=36 (full 3):
 PSYoungGen      total 192512K, used 192480K [0x00000007aab00000, 0x00000007bae80000, 0x0000000800000000)
  eden space 184320K, 100% used [0x00000007aab00000,0x00000007b5f00000,0x00000007b5f00000)
  from space 8192K, 99% used [0x00000007b5f00000,0x00000007b66f8040,0x00000007b6700000)
  to   space 16896K, 0% used [0x00000007b9e00000,0x00000007b9e00000,0x00000007bae80000)
 ParOldGen       total 114176K, used 89213K [0x0000000700000000, 0x0000000706f80000, 0x00000007aab00000)
  object space 114176K, 78% used [0x0000000700000000,0x000000070571f768,0x0000000706f80000)
 Metaspace       used 60537K, committed 61056K, reserved 1114112K
  class space    used 8386K, committed 8640K, reserved 1048576K
}
Event: 36.132 GC heap after
{Heap after GC invocations=36 (full 3):
 PSYoungGen      total 237056K, used 16876K [0x00000007aab00000, 0x00000007baf00000, 0x0000000800000000)
  eden space 220160K, 0% used [0x00000007aab00000,0x00000007aab00000,0x00000007b8200000)
  from space 16896K, 99% used [0x00000007b9e00000,0x00000007bae7b3f8,0x00000007bae80000)
  to   space 23040K, 0% used [0x00000007b8200000,0x00000007b8200000,0x00000007b9880000)
 ParOldGen       total 114176K, used 97885K [0x0000000700000000, 0x0000000706f80000, 0x00000007aab00000)
  object space 114176K, 85% used [0x0000000700000000,0x0000000705f977c8,0x0000000706f80000)
 Metaspace       used 60537K, committed 61056K, reserved 1114112K
  class space    used 8386K, committed 8640K, reserved 1048576K
}
Event: 38.097 GC heap before
{Heap before GC invocations=37 (full 3):
 PSYoungGen      total 237056K, used 237036K [0x00000007aab00000, 0x00000007baf00000, 0x0000000800000000)
  eden space 220160K, 100% used [0x00000007aab00000,0x00000007b8200000,0x00000007b8200000)
  from space 16896K, 99% used [0x00000007b9e00000,0x00000007bae7b3f8,0x00000007bae80000)
  to   space 23040K, 0% used [0x00000007b8200000,0x00000007b8200000,0x00000007b9880000)
 ParOldGen       total 114176K, used 97885K [0x0000000700000000, 0x0000000706f80000, 0x00000007aab00000)
  object space 114176K, 85% used [0x0000000700000000,0x0000000705f977c8,0x0000000706f80000)
 Metaspace       used 60753K, committed 61312K, reserved 1114112K
  class space    used 8387K, committed 8640K, reserved 1048576K
}
Event: 39.374 GC heap after
{Heap after GC invocations=37 (full 3):
 PSYoungGen      total 243200K, used 5303K [0x00000007aab00000, 0x00000007baf00000, 0x0000000800000000)
  eden space 220160K, 0% used [0x00000007aab00000,0x00000007aab00000,0x00000007b8200000)
  from space 23040K, 23% used [0x00000007b8200000,0x00000007b872dc10,0x00000007b9880000)
  to   space 16896K, 0% used [0x00000007b9e00000,0x00000007b9e00000,0x00000007bae80000)
 ParOldGen       total 114176K, used 112543K [0x0000000700000000, 0x0000000706f80000, 0x00000007aab00000)
  object space 114176K, 98% used [0x0000000700000000,0x0000000706de7d40,0x0000000706f80000)
 Metaspace       used 60753K, committed 61312K, reserved 1114112K
  class space    used 8387K, committed 8640K, reserved 1048576K
}
Event: 39.374 GC heap before
{Heap before GC invocations=38 (full 4):
 PSYoungGen      total 243200K, used 5303K [0x00000007aab00000, 0x00000007baf00000, 0x0000000800000000)
  eden space 220160K, 0% used [0x00000007aab00000,0x00000007aab00000,0x00000007b8200000)
  from space 23040K, 23% used [0x00000007b8200000,0x00000007b872dc10,0x00000007b9880000)
  to   space 16896K, 0% used [0x00000007b9e00000,0x00000007b9e00000,0x00000007bae80000)
 ParOldGen       total 114176K, used 112543K [0x0000000700000000, 0x0000000706f80000, 0x00000007aab00000)
  object space 114176K, 98% used [0x0000000700000000,0x0000000706de7d40,0x0000000706f80000)
 Metaspace       used 60753K, committed 61312K, reserved 1114112K
  class space    used 8387K, committed 8640K, reserved 1048576K
}
Event: 45.637 GC heap after
{Heap after GC invocations=38 (full 4):
 PSYoungGen      total 237056K, used 0K [0x00000007aab00000, 0x00000007baf00000, 0x0000000800000000)
  eden space 220160K, 0% used [0x00000007aab00000,0x00000007aab00000,0x00000007b8200000)
  from space 16896K, 0% used [0x00000007b9e00000,0x00000007b9e00000,0x00000007bae80000)
  to   space 23040K, 0% used [0x00000007b8200000,0x00000007b8200000,0x00000007b9880000)
 ParOldGen       total 114176K, used 101383K [0x0000000700000000, 0x0000000706f80000, 0x00000007aab00000)
  object space 114176K, 88% used [0x0000000700000000,0x0000000706301d78,0x0000000706f80000)
 Metaspace       used 60748K, committed 61312K, reserved 1114112K
  class space    used 8385K, committed 8640K, reserved 1048576K
}

Deoptimization events (20 events):
Event: 36.899 Thread 0x000001680197c7b0 DEOPT PACKING pc=0x0000016825b40500 sp=0x00000018af5fa1c0
Event: 36.899 Thread 0x000001680197c7b0 DEOPT UNPACKING pc=0x00000168254158a3 sp=0x00000018af5fa188 mode 2
Event: 36.899 Thread 0x000001680197c7b0 Uncommon trap: trap_request=0xffffff45 fr.pc=0x0000016825c38528 relative=0x0000000000000368
Event: 36.899 Thread 0x000001680197c7b0 Uncommon trap: reason=unstable_if action=reinterpret pc=0x0000016825c38528 method=org.objectweb.asm.MethodWriter.endCurrentBasicBlockWithNoSuccessor()V @ 77 c2
Event: 36.899 Thread 0x000001680197c7b0 DEOPT PACKING pc=0x0000016825c38528 sp=0x00000018af5fa3c0
Event: 36.899 Thread 0x000001680197c7b0 DEOPT UNPACKING pc=0x00000168254158a3 sp=0x00000018af5fa2f8 mode 2
Event: 37.705 Thread 0x000001687d1898e0 DEOPT PACKING pc=0x000001681eafa68b sp=0x00000018ad6fe770
Event: 37.705 Thread 0x000001687d1898e0 DEOPT UNPACKING pc=0x00000168254163e3 sp=0x00000018ad6fdc28 mode 0
Event: 37.823 Thread 0x000001680197b880 DEOPT PACKING pc=0x000001681e87d2a5 sp=0x00000018af7fb690
Event: 37.823 Thread 0x000001680197b880 DEOPT UNPACKING pc=0x00000168254163e3 sp=0x00000018af7fab58 mode 0
Event: 37.901 Thread 0x000001687d1889b0 DEOPT PACKING pc=0x000001681eafa68b sp=0x00000018ad9fea40
Event: 37.901 Thread 0x000001687d1889b0 DEOPT UNPACKING pc=0x00000168254163e3 sp=0x00000018ad9fdef8 mode 0
Event: 53.719 Thread 0x000001680197a950 DEOPT PACKING pc=0x000001681e87d2a5 sp=0x00000018af3fb480
Event: 53.719 Thread 0x000001680197a950 DEOPT UNPACKING pc=0x00000168254163e3 sp=0x00000018af3fa948 mode 0
Event: 53.842 Thread 0x000001680197b370 Uncommon trap: trap_request=0xffffff45 fr.pc=0x00000168259dc564 relative=0x0000000000001384
Event: 54.828 Thread 0x000001680197b370 Uncommon trap: reason=unstable_if action=reinterpret pc=0x00000168259dc564 method=java.util.HashMap.putVal(ILjava/lang/Object;Ljava/lang/Object;ZZ)Ljava/lang/Object; @ 94 c2
Event: 54.828 Thread 0x000001680197c7b0 DEOPT PACKING pc=0x000001681ebe0290 sp=0x00000018af5fc430
Event: 54.828 Thread 0x000001680197c7b0 DEOPT UNPACKING pc=0x00000168254163e3 sp=0x00000018af5fb930 mode 0
Event: 54.843 Thread 0x000001680197b370 DEOPT PACKING pc=0x00000168259dc564 sp=0x00000018af6fb410
Event: 54.843 Thread 0x000001680197b370 DEOPT UNPACKING pc=0x00000168254158a3 sp=0x00000018af6fb2a0 mode 2

Classes unloaded (5 events):
Event: 31.026 Thread 0x00000168771b43f0 Unloading class 0x0000016837820800 'java/lang/invoke/LambdaForm$DMH+0x0000016837820800'
Event: 31.026 Thread 0x00000168771b43f0 Unloading class 0x0000016837820400 'java/lang/invoke/LambdaForm$DMH+0x0000016837820400'
Event: 39.443 Thread 0x00000168771b43f0 Unloading class 0x0000016837850c00 'java/lang/invoke/LambdaForm$DMH+0x0000016837850c00'
Event: 39.443 Thread 0x00000168771b43f0 Unloading class 0x0000016837850800 'java/lang/invoke/LambdaForm$DMH+0x0000016837850800'
Event: 39.443 Thread 0x00000168771b43f0 Unloading class 0x0000016837850400 'java/lang/invoke/LambdaForm$DMH+0x0000016837850400'

Classes redefined (0 events):
No events

Internal exceptions (20 events):
Event: 35.760 Thread 0x000001680197a950 Exception <a 'sun/nio/fs/WindowsException'{0x00000007b2e28550}> (0x00000007b2e28550) 
thrown [s\open\src\hotspot\share\prims\jni.cpp, line 516]
Event: 35.811 Thread 0x000001687d18a810 Exception <a 'sun/nio/fs/WindowsException'{0x00000007b390cea0}> (0x00000007b390cea0) 
thrown [s\open\src\hotspot\share\prims\jni.cpp, line 516]
Event: 36.274 Thread 0x000001680197ae60 Exception <a 'sun/nio/fs/WindowsException'{0x00000007ab6bbb48}> (0x00000007ab6bbb48) 
thrown [s\open\src\hotspot\share\prims\jni.cpp, line 516]
Event: 36.416 Thread 0x000001680197c7b0 Exception <a 'sun/nio/fs/WindowsException'{0x00000007aacd3928}> (0x00000007aacd3928) 
thrown [s\open\src\hotspot\share\prims\jni.cpp, line 516]
Event: 36.416 Thread 0x000001680197a950 Exception <a 'sun/nio/fs/WindowsException'{0x00000007abf74ba0}> (0x00000007abf74ba0) 
thrown [s\open\src\hotspot\share\prims\jni.cpp, line 516]
Event: 36.682 Thread 0x000001680197b880 Exception <a 'sun/nio/fs/WindowsException'{0x00000007ae85a628}> (0x00000007ae85a628) 
thrown [s\open\src\hotspot\share\prims\jni.cpp, line 516]
Event: 36.784 Thread 0x000001687d18a810 Exception <a 'sun/nio/fs/WindowsException'{0x00000007adb53768}> (0x00000007adb53768) 
thrown [s\open\src\hotspot\share\prims\jni.cpp, line 516]
Event: 36.956 Thread 0x000001680197a950 Exception <a 'sun/nio/fs/WindowsException'{0x00000007b097cbb8}> (0x00000007b097cbb8) 
thrown [s\open\src\hotspot\share\prims\jni.cpp, line 516]
Event: 37.265 Thread 0x000001687d18a810 Exception <a 'sun/nio/fs/WindowsException'{0x00000007b272c178}> (0x00000007b272c178) 
thrown [s\open\src\hotspot\share\prims\jni.cpp, line 516]
Event: 37.300 Thread 0x000001680197b880 Exception <a 'sun/nio/fs/WindowsException'{0x00000007b248e168}> (0x00000007b248e168) 
thrown [s\open\src\hotspot\share\prims\jni.cpp, line 516]
Event: 37.332 Thread 0x000001680197b370 Exception <a 'sun/nio/fs/WindowsException'{0x00000007b129ca38}> (0x00000007b129ca38) 
thrown [s\open\src\hotspot\share\prims\jni.cpp, line 516]
Event: 37.598 Thread 0x000001680197a950 Exception <a 'sun/nio/fs/WindowsException'{0x00000007b42d3688}> (0x00000007b42d3688) 
thrown [s\open\src\hotspot\share\prims\jni.cpp, line 516]
Event: 46.708 Thread 0x000001680197b370 Exception <a 'sun/nio/fs/WindowsException'{0x00000007abcd4660}> (0x00000007abcd4660) 
thrown [s\open\src\hotspot\share\prims\jni.cpp, line 516]
Event: 46.717 Thread 0x000001680197b880 Exception <a 'sun/nio/fs/WindowsException'{0x00000007abe0cd40}> (0x00000007abe0cd40) 
thrown [s\open\src\hotspot\share\prims\jni.cpp, line 516]
Event: 49.708 Thread 0x000001687d18a810 Exception <a 'sun/nio/fs/WindowsException'{0x00000007acb8fc20}> (0x00000007acb8fc20) 
thrown [s\open\src\hotspot\share\prims\jni.cpp, line 516]
Event: 49.709 Thread 0x000001680197c7b0 Exception <a 'sun/nio/fs/WindowsException'{0x00000007acbdb7a0}> (0x00000007acbdb7a0) 
thrown [s\open\src\hotspot\share\prims\jni.cpp, line 516]
Event: 53.826 Thread 0x000001680197a950 Exception <a 'sun/nio/fs/WindowsException'{0x00000007b15516e8}> (0x00000007b15516e8) 
thrown [s\open\src\hotspot\share\prims\jni.cpp, line 516]
Event: 53.861 Thread 0x000001687d18a810 Exception <a 'sun/nio/fs/WindowsException'{0x00000007b1d36750}> (0x00000007b1d36750) 
thrown [s\open\src\hotspot\share\prims\jni.cpp, line 516]
Event: 54.915 Thread 0x000001680197b370 Exception <a 'sun/nio/fs/WindowsException'{0x00000007b269fbb0}> (0x00000007b269fbb0) 
thrown [s\open\src\hotspot\share\prims\jni.cpp, line 516]
Event: 54.924 Thread 0x000001680197c7b0 Exception <a 'sun/nio/fs/WindowsException'{0x00000007b3b852c8}> (0x00000007b3b852c8) 
thrown [s\open\src\hotspot\share\prims\jni.cpp, line 516]

VM Operations (20 events):
Event: 35.571 Executing VM operation: ICBufferFull done
Event: 36.075 Executing VM operation: ParallelGCFailedAllocation
Event: 36.133 Executing VM operation: ParallelGCFailedAllocation done
Event: 37.136 Executing VM operation: Cleanup
Event: 37.146 Executing VM operation: Cleanup done
Event: 38.096 Executing VM operation: ParallelGCFailedAllocation
Event: 45.639 Executing VM operation: ParallelGCFailedAllocation done
Event: 46.648 Executing VM operation: Cleanup
Event: 46.672 Executing VM operation: Cleanup done
Event: 47.684 Executing VM operation: Cleanup
Event: 48.682 Executing VM operation: Cleanup done
Event: 49.701 Executing VM operation: Cleanup
Event: 49.701 Executing VM operation: Cleanup done
Event: 51.718 Executing VM operation: Cleanup
Event: 51.718 Executing VM operation: Cleanup done
Event: 52.733 Executing VM operation: Cleanup
Event: 53.735 Executing VM operation: Cleanup done
Event: 54.750 Executing VM operation: Cleanup
Event: 54.845 Executing VM operation: Cleanup done
Event: 55.859 Executing VM operation: Cleanup

Events (20 events):
Event: 33.663 Thread 0x00000168771fd420 flushing nmethod 0x000001681ed0d410
Event: 33.663 Thread 0x00000168771fd420 flushing nmethod 0x000001681ed0e110
Event: 33.663 Thread 0x00000168771fd420 flushing nmethod 0x000001681ed0e690
Event: 33.663 Thread 0x00000168771fd420 flushing nmethod 0x000001681ed0fb90
Event: 33.663 Thread 0x00000168771fd420 flushing nmethod 0x000001681ed13390
Event: 33.663 Thread 0x00000168771fd420 flushing nmethod 0x000001681ed18910
Event: 33.663 Thread 0x00000168771fd420 flushing nmethod 0x000001681ed18e10
Event: 33.663 Thread 0x00000168771fd420 flushing nmethod 0x000001681ed1a110
Event: 33.663 Thread 0x00000168771fd420 flushing nmethod 0x000001681ed1a510
Event: 34.524 loading class java/util/Collections$2
Event: 34.525 loading class java/util/Collections$2 done
Event: 34.617 loading class java/lang/ProcessBuilder
Event: 34.618 loading class java/lang/ProcessBuilder done
Event: 34.847 loading class java/util/Collections$UnmodifiableSortedMap
Event: 34.848 loading class java/util/Collections$UnmodifiableSortedMap done
Event: 34.853 loading class java/util/zip/Deflater
Event: 34.854 loading class java/util/zip/Deflater done
Event: 34.858 loading class java/util/zip/Deflater$DeflaterZStreamRef
Event: 34.859 loading class java/util/zip/Deflater$DeflaterZStreamRef done
Event: 37.417 Thread 0x000001687e31a060 Thread added: 0x000001687e31a060


Dynamic libraries:
0x00007ff63ee30000 - 0x00007ff63ee40000 	C:\Program Files\Java\jdk-17\bin\java.exe
0x00007fff78ba0000 - 0x00007fff78e06000 	C:\Windows\SYSTEM32\ntdll.dll
0x00007fff76d90000 - 0x00007fff76e59000 	C:\Windows\System32\KERNEL32.DLL
0x00007fff75e80000 - 0x00007fff7627e000 	C:\Windows\System32\KERNELBASE.dll
0x00007fff76770000 - 0x00007fff768bc000 	C:\Windows\System32\ucrtbase.dll
0x00007fff46a30000 - 0x00007fff46a4b000 	C:\Program Files\Java\jdk-17\bin\VCRUNTIME140.dll
0x00007fff45bf0000 - 0x00007fff45c09000 	C:\Program Files\Java\jdk-17\bin\jli.dll
0x00007fff787f0000 - 0x00007fff788a7000 	C:\Windows\System32\ADVAPI32.dll
0x00007fff76b50000 - 0x00007fff76bf9000 	C:\Windows\System32\msvcrt.dll
0x00007fff77af0000 - 0x00007fff77b9a000 	C:\Windows\System32\sechost.dll
0x00007fff78330000 - 0x00007fff78448000 	C:\Windows\System32\RPCRT4.dll
0x00007fff78990000 - 0x00007fff78b57000 	C:\Windows\System32\USER32.dll
0x00007fff76740000 - 0x00007fff76767000 	C:\Windows\System32\win32u.dll
0x00007fff59360000 - 0x00007fff595f2000 	C:\Windows\WinSxS\amd64_microsoft.windows.common-controls_6595b64144ccf1df_6.0.26100.8875_none_3e0d5d42e32fe9dd\COMCTL32.dll
0x00007fff78450000 - 0x00007fff7847b000 	C:\Windows\System32\GDI32.dll
0x00007fff764d0000 - 0x00007fff765fa000 	C:\Windows\System32\gdi32full.dll
0x00007fff76690000 - 0x00007fff76733000 	C:\Windows\System32\msvcp_win.dll
0x00007fff6e100000 - 0x00007fff6e10b000 	C:\Windows\SYSTEM32\VERSION.dll
0x00007fff787b0000 - 0x00007fff787e2000 	C:\Windows\System32\IMM32.DLL
0x00007fff61fa0000 - 0x00007fff61fac000 	C:\Program Files\Java\jdk-17\bin\vcruntime140_1.dll
0x00007fff3fd10000 - 0x00007fff3fd9e000 	C:\Program Files\Java\jdk-17\bin\msvcp140.dll
0x00007ffeb6000000 - 0x00007ffeb6be0000 	C:\Program Files\Java\jdk-17\bin\server\jvm.dll
0x00007fff78480000 - 0x00007fff78488000 	C:\Windows\System32\PSAPI.DLL
0x00007fff69290000 - 0x00007fff692c6000 	C:\Windows\SYSTEM32\WINMM.dll
0x00007fff70630000 - 0x00007fff7063a000 	C:\Windows\SYSTEM32\WSOCK32.dll
0x00007fff76c00000 - 0x00007fff76c80000 	C:\Windows\System32\WS2_32.dll
0x00007fff74a60000 - 0x00007fff74a7b000 	C:\Windows\SYSTEM32\kernel.appcore.dll
0x00007fff60340000 - 0x00007fff6034a000 	C:\Program Files\Java\jdk-17\bin\jimage.dll
0x00007fff73300000 - 0x00007fff73542000 	C:\Windows\SYSTEM32\DBGHELP.DLL
0x00007fff77d50000 - 0x00007fff780d3000 	C:\Windows\System32\combase.dll
0x00007fff780e0000 - 0x00007fff781b9000 	C:\Windows\System32\OLEAUT32.dll
0x00007fff3ef70000 - 0x00007fff3efab000 	C:\Windows\SYSTEM32\dbgcore.DLL
0x00007fff75dc0000 - 0x00007fff75e6c000 	C:\Windows\System32\bcryptPrimitives.dll
0x00007fff554f0000 - 0x00007fff554fe000 	C:\Program Files\Java\jdk-17\bin\instrument.dll
0x00007fff41720000 - 0x00007fff41745000 	C:\Program Files\Java\jdk-17\bin\java.dll
0x00007fff166d0000 - 0x00007fff167a7000 	C:\Program Files\Java\jdk-17\bin\jsvml.dll
0x00007fff76eb0000 - 0x00007fff77642000 	C:\Windows\System32\SHELL32.dll
0x00007fff73820000 - 0x00007fff740b2000 	C:\Windows\SYSTEM32\windows.storage.dll
0x00007fff768d0000 - 0x00007fff769c7000 	C:\Windows\System32\SHCORE.dll
0x00007fff76a80000 - 0x00007fff76ae7000 	C:\Windows\System32\shlwapi.dll
0x00007fff75ce0000 - 0x00007fff75d09000 	C:\Windows\SYSTEM32\profapi.dll
0x00007fff44400000 - 0x00007fff44418000 	C:\Program Files\Java\jdk-17\bin\zip.dll
0x00007fff43ca0000 - 0x00007fff43cb9000 	C:\Program Files\Java\jdk-17\bin\net.dll
0x00007fff6e380000 - 0x00007fff6e4a7000 	C:\Windows\SYSTEM32\WINHTTP.dll
0x00007fff74ff0000 - 0x00007fff7505c000 	C:\Windows\system32\mswsock.dll
0x00007fff43ba0000 - 0x00007fff43bb6000 	C:\Program Files\Java\jdk-17\bin\nio.dll
0x00007fff55430000 - 0x00007fff55440000 	C:\Program Files\Java\jdk-17\bin\verify.dll
0x00007fff40ce0000 - 0x00007fff40d07000 	C:\Users\sanja\.gradle\native\c067742578af261105cb4f569cf0c3c89f3d7b1fecec35dd04571415982c5e48\windows-amd64\native-platform.dll
0x00007ffef7740000 - 0x00007ffef7884000 	C:\Users\sanja\.gradle\native\100fb08df4bc3b14c8652ba06237920a3bd2aa13389f12d3474272988ae205f9\windows-amd64\native-platform-file-events.dll
0x00007fff537d0000 - 0x00007fff537da000 	C:\Program Files\Java\jdk-17\bin\management.dll
0x00007fff53790000 - 0x00007fff5379b000 	C:\Program Files\Java\jdk-17\bin\management_ext.dll
0x00007fff75420000 - 0x00007fff7543b000 	C:\Windows\SYSTEM32\CRYPTSP.dll
0x00007fff749c0000 - 0x00007fff749f9000 	C:\Windows\system32\rsaenh.dll
0x00007fff750b0000 - 0x00007fff750e2000 	C:\Windows\SYSTEM32\USERENV.dll
0x00007fff75cb0000 - 0x00007fff75cda000 	C:\Windows\SYSTEM32\bcrypt.dll
0x00007fff75260000 - 0x00007fff7526c000 	C:\Windows\SYSTEM32\CRYPTBASE.dll
0x00007fff74410000 - 0x00007fff74443000 	C:\Windows\SYSTEM32\IPHLPAPI.DLL
0x00007fff77650000 - 0x00007fff7765a000 	C:\Windows\System32\NSI.dll
0x00007fff6f0b0000 - 0x00007fff6f0cd000 	C:\Windows\SYSTEM32\dhcpcsvc6.DLL
0x00007fff6f080000 - 0x00007fff6f0a5000 	C:\Windows\SYSTEM32\dhcpcsvc.DLL
0x00007fff744a0000 - 0x00007fff745f6000 	C:\Windows\SYSTEM32\DNSAPI.dll
0x00007fff74e10000 - 0x00007fff74e1d000 	C:\Windows\SYSTEM32\DSPARSE.dll
0x00007fff44460000 - 0x00007fff4446e000 	C:\Program Files\Java\jdk-17\bin\sunmscapi.dll
0x00007fff76350000 - 0x00007fff764c8000 	C:\Windows\System32\CRYPT32.dll
0x00007fff75590000 - 0x00007fff755c0000 	C:\Windows\SYSTEM32\ncrypt.dll
0x00007fff75540000 - 0x00007fff7557f000 	C:\Windows\SYSTEM32\NTASN1.dll
0x00007fff30f30000 - 0x00007fff30f38000 	C:\Windows\system32\wshunix.dll
0x00007fff6eea0000 - 0x00007fff6eeab000 	C:\Windows\System32\rasadhlp.dll
0x00007fff6f220000 - 0x00007fff6f2a6000 	C:\Windows\System32\fwpuclnt.dll

dbghelp: loaded successfully - version: 4.0.5 - missing functions: none
symbol engine: initialized successfully - sym options: 0x614 - pdb path: .;C:\Program Files\Java\jdk-17\bin;C:\Windows\SYSTEM32;C:\Windows\WinSxS\amd64_microsoft.windows.common-controls_6595b64144ccf1df_6.0.26100.8875_none_3e0d5d42e32fe9dd;C:\Program Files\Java\jdk-17\bin\server;C:\Users\sanja\.gradle\native\c067742578af261105cb4f569cf0c3c89f3d7b1fecec35dd04571415982c5e48\windows-amd64;C:\Users\sanja\.gradle\native\100fb08df4bc3b14c8652ba06237920a3bd2aa13389f12d3474272988ae205f9\windows-amd64

VM Arguments:
jvm_args: --add-opens=java.base/java.lang=ALL-UNNAMED --add-opens=java.base/java.lang.invoke=ALL-UNNAMED --add-opens=java.base/java.util=ALL-UNNAMED --add-opens=java.prefs/java.util.prefs=ALL-UNNAMED --add-exports=jdk.compiler/com.sun.tools.javac.api=ALL-UNNAMED --add-exports=jdk.compiler/com.sun.tools.javac.util=ALL-UNNAMED --add-opens=java.base/java.util=ALL-UNNAMED --add-opens=java.prefs/java.util.prefs=ALL-UNNAMED --add-opens=java.base/java.nio.charset=ALL-UNNAMED --add-opens=java.base/java.net=ALL-UNNAMED --add-opens=java.base/java.util.concurrent.atomic=ALL-UNNAMED --add-opens=java.xml/javax.xml.namespace=ALL-UNNAMED -XX:+UseParallelGC -Xmx4096m -Dfile.encoding=UTF-8 -Duser.country=US -Duser.language=en -Duser.variant -javaagent:C:\Users\sanja\AppData\Local\Temp\gradle-8.11.1\gradle-8.11.1\lib\agents\gradle-instrumentation-agent-8.11.1.jar 
java_command: org.gradle.launcher.daemon.bootstrap.GradleDaemon 8.11.1
java_class_path (initial): C:\Users\sanja\AppData\Local\Temp\gradle-8.11.1\gradle-8.11.1\lib\gradle-daemon-main-8.11.1.jar
Launcher Type: SUN_STANDARD

[Global flags]
     intx CICompilerCount                          = 4                                         {product} {ergonomic}
   size_t InitialHeapSize                          = 130023424                                 {product} {ergonomic}
   size_t MaxHeapSize                              = 4294967296                                {product} {command line}
   size_t MaxNewSize                               = 1431306240                                {product} {ergonomic}
   size_t MinHeapDeltaBytes                        = 524288                                    {product} {ergonomic}
   size_t MinHeapSize                              = 8388608                                   {product} {ergonomic}
   size_t NewSize                                  = 42991616                                  {product} {ergonomic}
    uintx NonNMethodCodeHeapSize                   = 5839372                                {pd product} {ergonomic}
    uintx NonProfiledCodeHeapSize                  = 122909434                              {pd product} {ergonomic}
   size_t OldSize                                  = 87031808                                  {product} {ergonomic}
    uintx ProfiledCodeHeapSize                     = 122909434                              {pd product} {ergonomic}
    uintx ReservedCodeCacheSize                    = 251658240                              {pd product} {ergonomic}
     bool SegmentedCodeCache                       = true                                      {product} {ergonomic}
   size_t SoftMaxHeapSize                          = 4294967296                             {manageable} {ergonomic}
     bool UseCompressedClassPointers               = true                           {product lp64_product} {ergonomic}
     bool UseCompressedOops                        = true                           {product lp64_product} {ergonomic}
     bool UseLargePagesIndividualAllocation        = false                                  {pd product} {ergonomic}
     bool UseParallelGC                            = true                                      {product} {command line}

Logging:
Log output configuration:
 #0: stdout all=warning uptime,level,tags
 #1: stderr all=off uptime,level,tags

Environment Variables:
JAVA_HOME=C:\Program Files\Java\jdk-17
CLASSPATH=C:\Users\sanja\AppData\Local\Temp\gradle-8.11.1\gradle-8.11.1\lib\gradle-gradle-cli-main-8.11.1.jar
PATH=C:\Program Files\Java\jdk-17\bin;C:\Program Files\Java\jdk-21\bin;C:\Program Files\Common Files\Oracle\Java\javapath;C:\Windows\system32;C:\Windows;C:\Windows\System32\Wbem;C:\Windows\System32\WindowsPowerShell\v1.0\;C:\Windows\System32\OpenSSH\;C:\Program Files\dotnet\;C:\Program Files\Java\jdk-17\bin;C:\src\flutter\bin;C:\Program Files\Git\cmd;C:\Program Files\nodejs\;C:\Program Files\Docker\Docker\resources\bin;C:\Users\sanja\.local\bin;C:\Users\sanja\AppData\Local\Microsoft\WindowsApps;C:\Users\sanja\AppData\Local\Programs\Microsoft VS Code\bin;C:\Users\sanja\AppData\Roaming\npm;C:\Program Files\nodejs;C:\Users\sanja\AppData\Local\Python\bin;C:\Users\sanja\AppData\Local\Microsoft\WinGet\Links;C:\Program Files\JetBrains\PyCharm 2026.2.0.1\bin
USERNAME=sanja
OS=Windows_NT
PROCESSOR_IDENTIFIER=Intel64 Family 6 Model 140 Stepping 1, GenuineIntel



---------------  S Y S T E M  ---------------

OS:
 Windows 11 , 64 bit Build 26100 (10.0.26100.8875)
OS uptime: 26 days 17:32 hours
Hyper-V role detected

CPU: total 8 (initial active 8) (4 cores per cpu, 2 threads per core) family 6 model 140 stepping 1 microcode 0xbe, cx8, cmov, fxsr, ht, mmx, 3dnowpref, sse, sse2, sse3, ssse3, sse4.1, sse4.2, popcnt, lzcnt, tsc, tscinvbit, avx, avx2, aes, erms, clmul, bmi1, bmi2, adx, avx512f, avx512dq, avx512cd, avx512bw, avx512vl, sha, fma, vzeroupper, avx512_vpopcntdq, avx512_vpclmulqdq, avx512_vaes, avx512_vnni, clflush, clflushopt, clwb, avx512_vbmi2, avx512_vbmi, hv

Memory: 4k page, system-wide physical 7914M (597M free)
TotalPageFile size 32490M (AvailPageFile size 2M)
current process WorkingSet (physical memory assigned to process): 561M, peak: 572M
current process commit charge ("private bytes"): 733M, peak: 3343M

vm_info: Java HotSpot(TM) 64-Bit Server VM (17.0.12+8-LTS-286) for windows-amd64 JRE (17.0.12+8-LTS-286), built on Jun  5 2024 06:46:59 by "mach5one" with MS VC++ 17.6 (VS2022)

END.
